MPLINK 4.02, Linker
Linker Map File - Created Tue Nov 21 18:00:08 2006

                                 Section Info
                  Section       Type    Address   Location Size(Bytes)
                ---------  ---------  ---------  ---------  ---------
               _entry_scn       code   0x000000    program   0x000006
  _RESET_INTERRUPT_VECTOR       code   0x000800    program   0x000006
      high_vector_section       code   0x000808    program   0x000006
       low_vector_section       code   0x000818    program   0x000006
                   .cinit    romdata   0x00082a    program   0x000026
         .code_vfprintf.o       code   0x000850    program   0x000c22
         .code_executor.o       code   0x001472    program   0x0003ee
              .code_cdc.o       code   0x001860    program   0x0003d8
       .code_usbctrltrf.o       code   0x001c38    program   0x00033a
             .code_usb9.o       code   0x001f72    program   0x00031e
             .code_user.o       code   0x002290    program   0x00024a
           .code_usbdrv.o       code   0x0024da    program   0x000182
            .code_parse.o       code   0x00265c    program   0x000152
                     PROG       code   0x0027ae    program   0x000146
        .romdata_usbdsc.o    romdata   0x0028f4    program   0x0000cd
           .romdata_cdc.o    romdata   0x0029c1    program   0x000000
    .romdata_usbctrltrf.o    romdata   0x0029c1    program   0x000000
         .romdata_parse.o    romdata   0x0029c1    program   0x000000
      .idata_fxd2424u.o_i    romdata   0x0029c1    program   0x000000
      .romdata_fxd2424u.o    romdata   0x0029c1    program   0x000000
       .romdata_sprintf.o    romdata   0x0029c1    program   0x000000
       .idata_fxm3232.o_i    romdata   0x0029c1    program   0x000000
       .romdata_fxm3232.o    romdata   0x0029c1    program   0x000000
          .idata_putc.o_i    romdata   0x0029c1    program   0x000000
    .romdata__user_putc.o    romdata   0x0029c1    program   0x000000
         .idata_c018i.o_i    romdata   0x0029c1    program   0x000000
          .idata_usb9.o_i    romdata   0x0029c1    program   0x000000
        .idata_usbdrv.o_i    romdata   0x0029c1    program   0x000000
       .idata_usbmmap.o_i    romdata   0x0029c1    program   0x000000
       .romdata_usbmmap.o    romdata   0x0029c1    program   0x000000
          .code_sprintf.o       code   0x0029c2    program   0x0000ac
            .code_c018i.o       code   0x0029c2    program   0x000000
          .code_usbmmap.o       code   0x0029c2    program   0x000000
               _cinit_scn       code   0x002a6e    program   0x00009e
             .code_putc.o       code   0x002b0c    program   0x000084
          .code_fxm3232.o       code   0x002b90    program   0x000070
                   STRING       code   0x002c00    program   0x000066
         .code_fxd3232u.o       code   0x002c66    program   0x000048
             .stringtable    romdata   0x002cae    program   0x00003a
         .code_fxd2424u.o       code   0x002ce8    program   0x00003a
             .code_main.o       code   0x002d22    program   0x000038
                    CTYPE       code   0x002d5a    program   0x000024
                    STDIO       code   0x002d7e    program   0x00001c
             _startup_scn       code   0x002d9a    program   0x000018
      .romdata_vfprintf.o    romdata   0x002db2    program   0x000011
          .romdata_user.o    romdata   0x002dc3    program   0x000008
          .romdata_putc.o    romdata   0x002dcb    program   0x000000
    .idata__user_putc.o_i    romdata   0x002dcb    program   0x000000
         .romdata_c018i.o    romdata   0x002dcb    program   0x000000
      .romdata_fxd3232u.o    romdata   0x002dcb    program   0x000000
      .idata_fxd3232u.o_i    romdata   0x002dcb    program   0x000000
          .idata_main.o_i    romdata   0x002dcb    program   0x000000
      .idata_vfprintf.o_i    romdata   0x002dcb    program   0x000000
          .romdata_main.o    romdata   0x002dcb    program   0x000000
       .idata_sprintf.o_i    romdata   0x002dcb    program   0x000000
      .romdata_executor.o    romdata   0x002dcb    program   0x000000
        .romdata_usbdrv.o    romdata   0x002dcb    program   0x000000
          .romdata_usb9.o    romdata   0x002dcb    program   0x000000
           .idata_cdc.o_i    romdata   0x002dcb    program   0x000000
        .idata_usbdsc.o_i    romdata   0x002dcb    program   0x000000
    .idata_usbctrltrf.o_i    romdata   0x002dcb    program   0x000000
       .code__user_putc.o       code   0x002dcc    program   0x000002
           .code_usbdsc.o       code   0x002dcc    program   0x000000
          .idata_user.o_i    romdata   0x002dce    program   0x000002
         .idata_parse.o_i    romdata   0x002dd0    program   0x000007
      .idata_executor.o_i    romdata   0x002dd7    program   0x000015
                MATH_DATA      udata   0x000000       data   0x000014
                 .tmpdata      udata   0x000014       data   0x00000e
           .udata_parse.o      udata   0x000060       data   0x000020
             .udata_cdc.o      udata   0x000080       data   0x00001b
        .idata_executor.o      idata   0x00009b       data   0x000015
           .udata_c018i.o      udata   0x0000b0       data   0x00000a
        .udata_executor.o      udata   0x0000ba       data   0x000009
      .udata_usbctrltrf.o      udata   0x0000c3       data   0x000008
           .idata_parse.o      idata   0x0000cb       data   0x000007
         .udata_usbmmap.o      udata   0x0000d2       data   0x000004
          .udata_usbdrv.o      udata   0x0000d6       data   0x000002
            .idata_user.o      idata   0x0000d8       data   0x000002
            .udata_user.o      udata   0x0000da       data   0x000001
            .idata_putc.o      idata   0x0000db       data   0x000000
            .udata_putc.o      udata   0x0000db       data   0x000000
         .idata_fxm3232.o      idata   0x0000db       data   0x000000
         .udata_fxm3232.o      udata   0x0000db       data   0x000000
        .idata_fxd3232u.o      idata   0x0000db       data   0x000000
      .udata__user_putc.o      udata   0x0000db       data   0x000000
        .udata_fxd3232u.o      udata   0x0000db       data   0x000000
        .idata_vfprintf.o      idata   0x0000db       data   0x000000
        .udata_vfprintf.o      udata   0x0000db       data   0x000000
      .idata__user_putc.o      idata   0x0000db       data   0x000000
         .idata_sprintf.o      idata   0x0000db       data   0x000000
         .udata_sprintf.o      udata   0x0000db       data   0x000000
           .idata_c018i.o      idata   0x0000db       data   0x000000
        .idata_fxd2424u.o      idata   0x0000db       data   0x000000
        .udata_fxd2424u.o      udata   0x0000db       data   0x000000
            .udata_main.o      udata   0x0000db       data   0x000000
            .idata_main.o      idata   0x0000db       data   0x000000
         .idata_usbmmap.o      idata   0x0000db       data   0x000000
             .idata_cdc.o      idata   0x0000db       data   0x000000
      .idata_usbctrltrf.o      idata   0x0000db       data   0x000000
          .idata_usbdsc.o      idata   0x0000db       data   0x000000
          .udata_usbdsc.o      udata   0x0000db       data   0x000000
            .idata_usb9.o      idata   0x0000db       data   0x000000
            .udata_usb9.o      udata   0x0000db       data   0x000000
          .idata_usbdrv.o      idata   0x0000db       data   0x000000
                 big_buf1      udata   0x000100       data   0x000100
                 big_buf2      udata   0x000200       data   0x000100
                   .stack      udata   0x000300       data   0x000100
                  usbram4      udata   0x000400       data   0x000030
                 usbram5a      udata   0x000500       data   0x000088
            SFR_UNBANKED0      udata   0x000f66       data   0x00009a



                              Program Memory Usage 
                               Start         End      
                           ---------   ---------      
                            0x000000    0x000005      
                            0x000800    0x000805      
                            0x000808    0x00080d      
                            0x000818    0x00081d      
                            0x00082a    0x0029c0      
                            0x0029c2    0x002dca      
                            0x002dcc    0x002deb      
            9688 out of 24856 program addresses used, program memory utilization is 38%



                              Symbols - Sorted by Name
                     Name    Address   Location    Storage File                     
                ---------  ---------  ---------  --------- ---------                
           BlinkUSBStatus   0x00240a    program     extern C:\kohsuke\My Projects\DIYOrb\pic-software\user\user.c
                CDCInitEP   0x00192e    program     extern C:\kohsuke\My Projects\DIYOrb\pic-software\system\usb\class\cdc\cdc.c
             CDCTxService   0x001b24    program     extern C:\kohsuke\My Projects\DIYOrb\pic-software\system\usb\class\cdc\cdc.c
          ClassReqHandler   0x0029bf    program     extern C:\kohsuke\My Projects\DIYOrb\pic-software\autofiles\usbdsc.c
               ClearArray   0x002632    program     extern C:\kohsuke\My Projects\DIYOrb\pic-software\system\usb\usbdrv\usbdrv.c
                   D2424S   0x0027d8    program     static C:\MCC18\SRC\TRADIT~1\MATH\fxd2424s.asm
                D2424SNEG   0x0027e6    program     static C:\MCC18\SRC\TRADIT~1\MATH\fxd2424s.asm
                 D2424SOK   0x0027e2    program     static C:\MCC18\SRC\TRADIT~1\MATH\fxd2424s.asm
                  D2424SX   0x0027fe    program     static C:\MCC18\SRC\TRADIT~1\MATH\fxd2424s.asm
                  DA2424S   0x0027c4    program     static C:\MCC18\SRC\TRADIT~1\MATH\fxd2424s.asm
                  DoTimer   0x001472    program     extern C:\kohsuke\My Projects\DIYOrb\pic-software\user\executor.c
                 ExecuteB   0x0017aa    program     extern C:\kohsuke\My Projects\DIYOrb\pic-software\user\executor.c
                 ExecuteC   0x00155c    program     extern C:\kohsuke\My Projects\DIYOrb\pic-software\user\executor.c
                 ExecuteH   0x001702    program     extern C:\kohsuke\My Projects\DIYOrb\pic-software\user\executor.c
                 ExecuteJ   0x001754    program     extern C:\kohsuke\My Projects\DIYOrb\pic-software\user\executor.c
                 FXD2424S   0x0027ae    program     extern C:\MCC18\SRC\TRADIT~1\MATH\fxd2424s.asm
                 FXD2424U   0x002ce8    program     extern C:\MCC18\src\TRADIT~1\math\fxd2424u.c
                 FXD3232U   0x002c66    program     extern C:\MCC18\src\TRADIT~1\math\fxd3232u.c
                 FXM1616S   0x002808    program     extern C:\MCC18\SRC\TRADIT~1\MATH\fxm1616s.asm
                 FXM2424U   0x002862    program     extern C:\MCC18\SRC\TRADIT~1\MATH\fxm2424u.asm
                  FXM3232   0x002b90    program     extern C:\MCC18\src\TRADIT~1\math\fxm3232.c
                  HighISR   0x002340    program     extern C:\kohsuke\My Projects\DIYOrb\pic-software\user\user.c
         InitializeSystem   0x002d2e    program     static C:\kohsuke\My Projects\DIYOrb\pic-software\main.c
                   LowISR   0x002290    program     extern C:\kohsuke\My Projects\DIYOrb\pic-software\user\user.c
                ProcessIO   0x0023b6    program     extern C:\kohsuke\My Projects\DIYOrb\pic-software\user\user.c
              ReadFromUSB   0x00265c    program     extern C:\kohsuke\My Projects\DIYOrb\pic-software\user\parse.c
                     Send   0x0023e0    program     extern C:\kohsuke\My Projects\DIYOrb\pic-software\user\user.c
          SwitchIsPressed   0x0024ca    program     extern C:\kohsuke\My Projects\DIYOrb\pic-software\user\user.c
               TSIGN1616A   0x002854    program     static C:\MCC18\SRC\TRADIT~1\MATH\fxm1616s.asm
        USBCheckBusStatus   0x0024da    program     extern C:\kohsuke\My Projects\DIYOrb\pic-software\system\usb\usbdrv\usbdrv.c
       USBCheckCDCRequest   0x001860    program     extern C:\kohsuke\My Projects\DIYOrb\pic-software\system\usb\class\cdc\cdc.c
       USBCheckStdRequest   0x001f72    program     extern C:\kohsuke\My Projects\DIYOrb\pic-software\system\usb\usb9\usb9.c
         USBCtrlEPService   0x001c38    program     extern C:\kohsuke\My Projects\DIYOrb\pic-software\system\usb\usbctrltrf\usbctrltrf.c
 USBCtrlEPServiceComplete   0x001eb4    program     extern C:\kohsuke\My Projects\DIYOrb\pic-software\system\usb\usbctrltrf\usbctrltrf.c
      USBCtrlTrfInHandler   0x001d02    program     extern C:\kohsuke\My Projects\DIYOrb\pic-software\system\usb\usbctrltrf\usbctrltrf.c
     USBCtrlTrfOutHandler   0x001cde    program     extern C:\kohsuke\My Projects\DIYOrb\pic-software\system\usb\usbctrltrf\usbctrltrf.c
      USBCtrlTrfRxService   0x001e30    program     extern C:\kohsuke\My Projects\DIYOrb\pic-software\system\usb\usbctrltrf\usbctrltrf.c
   USBCtrlTrfSetupHandler   0x001c6e    program     extern C:\kohsuke\My Projects\DIYOrb\pic-software\system\usb\usbctrltrf\usbctrltrf.c
      USBCtrlTrfTxService   0x001d44    program     extern C:\kohsuke\My Projects\DIYOrb\pic-software\system\usb\usbctrltrf\usbctrltrf.c
         USBDriverService   0x00251a    program     extern C:\kohsuke\My Projects\DIYOrb\pic-software\system\usb\usbdrv\usbdrv.c
          USBErrorHandler   0x0025ea    program     extern C:\kohsuke\My Projects\DIYOrb\pic-software\system\usb\usbdrv\usbdrv.c
         USBModuleDisable   0x00250c    program     extern C:\kohsuke\My Projects\DIYOrb\pic-software\system\usb\usbdrv\usbdrv.c
          USBModuleEnable   0x0024fe    program     extern C:\kohsuke\My Projects\DIYOrb\pic-software\system\usb\usbdrv\usbdrv.c
USBPrepareForNextSetupTrf   0x001f52    program     extern C:\kohsuke\My Projects\DIYOrb\pic-software\system\usb\usbctrltrf\usbctrltrf.c
  USBProtocolResetHandler   0x0025ee    program     extern C:\kohsuke\My Projects\DIYOrb\pic-software\system\usb\usbdrv\usbdrv.c
          USBRemoteWakeup   0x0025b0    program     extern C:\kohsuke\My Projects\DIYOrb\pic-software\system\usb\usbdrv\usbdrv.c
            USBSoftDetach   0x002516    program     extern C:\kohsuke\My Projects\DIYOrb\pic-software\system\usb\usbdrv\usbdrv.c
          USBStallHandler   0x0025dc    program     extern C:\kohsuke\My Projects\DIYOrb\pic-software\system\usb\usbdrv\usbdrv.c
  USBStdFeatureReqHandler   0x0021e4    program     extern C:\kohsuke\My Projects\DIYOrb\pic-software\system\usb\usb9\usb9.c
      USBStdGetDscHandler   0x00203a    program     extern C:\kohsuke\My Projects\DIYOrb\pic-software\system\usb\usb9\usb9.c
   USBStdGetStatusHandler   0x002144    program     extern C:\kohsuke\My Projects\DIYOrb\pic-software\system\usb\usb9\usb9.c
      USBStdSetCfgHandler   0x0020f4    program     extern C:\kohsuke\My Projects\DIYOrb\pic-software\system\usb\usb9\usb9.c
               USBSuspend   0x002598    program     extern C:\kohsuke\My Projects\DIYOrb\pic-software\system\usb\usbdrv\usbdrv.c
                 USBTasks   0x002d48    program     extern C:\kohsuke\My Projects\DIYOrb\pic-software\main.c
       USBWakeFromSuspend   0x0025a8    program     extern C:\kohsuke\My Projects\DIYOrb\pic-software\system\usb\usbdrv\usbdrv.c
               USB_CD_Ptr   0x0029b5    program     extern C:\kohsuke\My Projects\DIYOrb\pic-software\autofiles\usbdsc.c
               USB_SD_Ptr   0x0029b9    program     extern C:\kohsuke\My Projects\DIYOrb\pic-software\autofiles\usbdsc.c
          USB_SOF_Handler   0x0025d8    program     extern C:\kohsuke\My Projects\DIYOrb\pic-software\system\usb\usbdrv\usbdrv.c
                 UserInit   0x002352    program     extern C:\kohsuke\My Projects\DIYOrb\pic-software\user\user.c
                   _2jEnd   0x002c50    program     static C:\MCC18\SRC\TRADIT~1\STDCLIB\slenpgm.asm
       ___return_lbl00000   0x002bfe    program     static                          
       ___return_lbl00000   0x002d20    program     static                          
       ___return_lbl00000   0x000004    program     static                          
       ___return_lbl00000   0x002cac    program     static                          
       ___return_lbl00000   0x000804    program     static                          
       ___return_lbl00001   0x002db0    program     static                          
       ___return_lbl00001   0x00080c    program     static                          
       ___return_lbl00002   0x002b0a    program     static                          
       ___return_lbl00002   0x00081c    program     static                          
       ___return_lbl00028   0x0025a6    program     static                          
       ___return_lbl00042   0x002654    program     static                          
        ___while_lbl00043   0x002646    program     static                          
        ___while_lbl00044   0x002654    program     static                          
                   __pa_0   0x001190    program     static C:\MCC18\src\TRADIT~1\stdclib\vfprintf.c
                   __pa_1   0x001198    program     static C:\MCC18\src\TRADIT~1\stdclib\vfprintf.c
                  __pa_10   0x00124c    program     static C:\MCC18\src\TRADIT~1\stdclib\vfprintf.c
                  __pa_11   0x00125a    program     static C:\MCC18\src\TRADIT~1\stdclib\vfprintf.c
                  __pa_12   0x001270    program     static C:\MCC18\src\TRADIT~1\stdclib\vfprintf.c
                  __pa_13   0x00128a    program     static C:\MCC18\src\TRADIT~1\stdclib\vfprintf.c
                  __pa_14   0x0012a2    program     static C:\MCC18\src\TRADIT~1\stdclib\vfprintf.c
                  __pa_15   0x0012b2    program     static C:\MCC18\src\TRADIT~1\stdclib\vfprintf.c
                  __pa_16   0x0012c8    program     static C:\MCC18\src\TRADIT~1\stdclib\vfprintf.c
                  __pa_17   0x0012da    program     static C:\MCC18\src\TRADIT~1\stdclib\vfprintf.c
                  __pa_18   0x0012ec    program     static C:\MCC18\src\TRADIT~1\stdclib\vfprintf.c
                  __pa_19   0x0012f6    program     static C:\MCC18\src\TRADIT~1\stdclib\vfprintf.c
                   __pa_2   0x0011a2    program     static C:\MCC18\src\TRADIT~1\stdclib\vfprintf.c
                  __pa_20   0x001306    program     static C:\MCC18\src\TRADIT~1\stdclib\vfprintf.c
                  __pa_21   0x001316    program     static C:\MCC18\src\TRADIT~1\stdclib\vfprintf.c
                  __pa_22   0x001326    program     static C:\MCC18\src\TRADIT~1\stdclib\vfprintf.c
                  __pa_23   0x001332    program     static C:\MCC18\src\TRADIT~1\stdclib\vfprintf.c
                  __pa_24   0x001340    program     static C:\MCC18\src\TRADIT~1\stdclib\vfprintf.c
                  __pa_25   0x001348    program     static C:\MCC18\src\TRADIT~1\stdclib\vfprintf.c
                  __pa_26   0x001352    program     static C:\MCC18\src\TRADIT~1\stdclib\vfprintf.c
                  __pa_27   0x00135c    program     static C:\MCC18\src\TRADIT~1\stdclib\vfprintf.c
                  __pa_28   0x001364    program     static C:\MCC18\src\TRADIT~1\stdclib\vfprintf.c
                  __pa_29   0x001372    program     static C:\MCC18\src\TRADIT~1\stdclib\vfprintf.c
                   __pa_3   0x0011ac    program     static C:\MCC18\src\TRADIT~1\stdclib\vfprintf.c
                  __pa_30   0x00138e    program     static C:\MCC18\src\TRADIT~1\stdclib\vfprintf.c
                  __pa_31   0x0013a8    program     static C:\MCC18\src\TRADIT~1\stdclib\vfprintf.c
                  __pa_32   0x0013c2    program     static C:\MCC18\src\TRADIT~1\stdclib\vfprintf.c
                  __pa_33   0x0013da    program     static C:\MCC18\src\TRADIT~1\stdclib\vfprintf.c
                  __pa_34   0x0013e4    program     static C:\MCC18\src\TRADIT~1\stdclib\vfprintf.c
                  __pa_35   0x0013f2    program     static C:\MCC18\src\TRADIT~1\stdclib\vfprintf.c
                  __pa_36   0x0013fa    program     static C:\MCC18\src\TRADIT~1\stdclib\vfprintf.c
                  __pa_37   0x001404    program     static C:\MCC18\src\TRADIT~1\stdclib\vfprintf.c
                  __pa_38   0x001414    program     static C:\MCC18\src\TRADIT~1\stdclib\vfprintf.c
                  __pa_39   0x001422    program     static C:\MCC18\src\TRADIT~1\stdclib\vfprintf.c
                   __pa_4   0x0011c4    program     static C:\MCC18\src\TRADIT~1\stdclib\vfprintf.c
                  __pa_40   0x00142e    program     static C:\MCC18\src\TRADIT~1\stdclib\vfprintf.c
                  __pa_41   0x00143a    program     static C:\MCC18\src\TRADIT~1\stdclib\vfprintf.c
                  __pa_42   0x001442    program     static C:\MCC18\src\TRADIT~1\stdclib\vfprintf.c
                  __pa_43   0x00144c    program     static C:\MCC18\src\TRADIT~1\stdclib\vfprintf.c
                  __pa_44   0x001452    program     static C:\MCC18\src\TRADIT~1\stdclib\vfprintf.c
                  __pa_45   0x00145c    program     static C:\MCC18\src\TRADIT~1\stdclib\vfprintf.c
                  __pa_46   0x001468    program     static C:\MCC18\src\TRADIT~1\stdclib\vfprintf.c
                   __pa_5   0x0011d8    program     static C:\MCC18\src\TRADIT~1\stdclib\vfprintf.c
                   __pa_6   0x0011f4    program     static C:\MCC18\src\TRADIT~1\stdclib\vfprintf.c
                   __pa_7   0x0011fe    program     static C:\MCC18\src\TRADIT~1\stdclib\vfprintf.c
                   __pa_8   0x00120a    program     static C:\MCC18\src\TRADIT~1\stdclib\vfprintf.c
                   __pa_9   0x00122c    program     static C:\MCC18\src\TRADIT~1\stdclib\vfprintf.c
               __string_0   0x002cb3    program     static C:\kohsuke\My Projects\DIYOrb\pic-software\user\parse.c
               __string_0   0x002cdc    program     static C:\kohsuke\My Projects\DIYOrb\pic-software\user\executor.c
               __string_1   0x002cae    program     static C:\kohsuke\My Projects\DIYOrb\pic-software\user\parse.c
               __string_1   0x002cc6    program     static C:\kohsuke\My Projects\DIYOrb\pic-software\user\executor.c
               __string_2   0x002cbd    program     static C:\kohsuke\My Projects\DIYOrb\pic-software\user\executor.c
              __tmplbl_42   0x001326    program     static                          
              __tmplbl_43   0x00116e    program     static                          
              __tmplbl_44   0x001154    program     static                          
              __tmplbl_85   0x0008a6    program     static                          
                _do_cinit   0x002a6e    program     extern C:\MCC18\src\traditional\startup\c018i.c
                   _entry   0x000000    program     extern C:\MCC18\src\traditional\startup\c018i.c
                   _false   0x002d1c    program     static                          
                   _false   0x002ca8    program     static                          
                   _reset   0x000800    program     extern C:\kohsuke\My Projects\DIYOrb\pic-software\main.c
                 _startup   0x002d9a    program     extern C:\MCC18\src\traditional\startup\c018i.c
              _usart_putc   0x002d7e    program     extern C:\MCC18\SRC\TRADIT~1\PMC\USART\_usartpc.asm
               _user_putc   0x002dcc    program     extern C:\MCC18\src\TRADIT~1\stdclib\_user_putc.c
                    cfg01   0x002906    program     extern C:\kohsuke\My Projects\DIYOrb\pic-software\autofiles\usbdsc.c
                copy_loop   0x002ae0    program     static                          
            copy_one_byte   0x002ae6    program     static                          
               device_dsc   0x0028f4    program     extern C:\kohsuke\My Projects\DIYOrb\pic-software\autofiles\usbdsc.c
                     done   0x002b0a    program     static                          
             done_copying   0x002af4    program     static                          
             getsUSBUSART   0x001992    program     extern C:\kohsuke\My Projects\DIYOrb\pic-software\system\usb\class\cdc\cdc.c
              high_vector   0x000808    program     extern C:\kohsuke\My Projects\DIYOrb\pic-software\main.c
         instructionTable   0x002dc3    program     extern C:\kohsuke\My Projects\DIYOrb\pic-software\user\user.c
                  isdigit   0x002d5a    program     extern C:\MCC18\SRC\TRADIT~1\STDCLIB\isdigit.asm
                     jEnd   0x002c1a    program     static C:\MCC18\SRC\TRADIT~1\STDCLIB\strlen.asm
                     jEnd   0x002c52    program     static C:\MCC18\SRC\TRADIT~1\STDCLIB\slenpgm.asm
                    jLoop   0x002c3a    program     static C:\MCC18\SRC\TRADIT~1\STDCLIB\slenpgm.asm
                    jLoop   0x002c10    program     static C:\MCC18\SRC\TRADIT~1\STDCLIB\strlen.asm
                   jMatch   0x002d7a    program     static C:\MCC18\SRC\TRADIT~1\STDCLIB\isdigit.asm
                 jNoMatch   0x002d7c    program     static C:\MCC18\SRC\TRADIT~1\STDCLIB\isdigit.asm
                     loop   0x002d8e    program     static C:\MCC18\SRC\TRADIT~1\PMC\USART\_usartpc.asm
                     loop   0x002cf4    program     static                          
                     loop   0x002c74    program     static                          
                     loop   0x002daa    program     static                          
               low_vector   0x000818    program     extern C:\kohsuke\My Projects\DIYOrb\pic-software\main.c
                     main   0x002d22    program     extern C:\kohsuke\My Projects\DIYOrb\pic-software\main.c
                   moveIP   0x00153c    program     extern C:\kohsuke\My Projects\DIYOrb\pic-software\user\executor.c
                   offset   0x00171a    program     extern C:\kohsuke\My Projects\DIYOrb\pic-software\user\executor.c
                     putc   0x002b0c    program     extern C:\MCC18\src\TRADIT~1\stdclib\putc.c
            putrsUSBUSART   0x001aa2    program     extern C:\kohsuke\My Projects\DIYOrb\pic-software\system\usb\class\cdc\cdc.c
             putsUSBUSART   0x001a24    program     extern C:\kohsuke\My Projects\DIYOrb\pic-software\system\usb\class\cdc\cdc.c
                 s_digits   0x002db2    program     static C:\MCC18\src\TRADIT~1\stdclib\vfprintf.c
            s_put_n_chars   0x000850    program     static C:\MCC18\src\TRADIT~1\stdclib\vfprintf.c
                    sd000   0x002949    program     extern C:\kohsuke\My Projects\DIYOrb\pic-software\autofiles\usbdsc.c
                    sd001   0x00294d    program     extern C:\kohsuke\My Projects\DIYOrb\pic-software\autofiles\usbdsc.c
                    sd002   0x002981    program     extern C:\kohsuke\My Projects\DIYOrb\pic-software\autofiles\usbdsc.c
                  sprintf   0x0029c2    program     extern C:\MCC18\src\TRADIT~1\stdclib\sprintf.c
                   strlen   0x002c00    program     extern C:\MCC18\SRC\TRADIT~1\STDCLIB\strlen.asm
                strlenpgm   0x002c1c    program     extern C:\MCC18\SRC\TRADIT~1\STDCLIB\slenpgm.asm
                     test   0x002a88    program     static                          
                 vfprintf   0x00087c    program     extern C:\MCC18\src\TRADIT~1\stdclib\vfprintf.c
                   ADCON0   0x000fc2       data     extern C:\MCC18\SRC\TRADIT~1\PROC\p18f2455.asm
               ADCON0bits   0x000fc2       data     extern C:\MCC18\SRC\TRADIT~1\PROC\p18f2455.asm
                   ADCON1   0x000fc1       data     extern C:\MCC18\SRC\TRADIT~1\PROC\p18f2455.asm
               ADCON1bits   0x000fc1       data     extern C:\MCC18\SRC\TRADIT~1\PROC\p18f2455.asm
                   ADCON2   0x000fc0       data     extern C:\MCC18\SRC\TRADIT~1\PROC\p18f2455.asm
               ADCON2bits   0x000fc0       data     extern C:\MCC18\SRC\TRADIT~1\PROC\p18f2455.asm
                    ADRES   0x000fc3       data     extern C:\MCC18\SRC\TRADIT~1\PROC\p18f2455.asm
                   ADRESH   0x000fc4       data     extern C:\MCC18\SRC\TRADIT~1\PROC\p18f2455.asm
                   ADRESL   0x000fc3       data     extern C:\MCC18\SRC\TRADIT~1\PROC\p18f2455.asm
                  BAUDCON   0x000fb8       data     extern C:\MCC18\SRC\TRADIT~1\PROC\p18f2455.asm
              BAUDCONbits   0x000fb8       data     extern C:\MCC18\SRC\TRADIT~1\PROC\p18f2455.asm
                      BSR   0x000fe0       data     extern C:\MCC18\SRC\TRADIT~1\PROC\p18f2455.asm
                   CCP1AS   0x000fb6       data     extern C:\MCC18\SRC\TRADIT~1\PROC\p18f2455.asm
               CCP1ASbits   0x000fb6       data     extern C:\MCC18\SRC\TRADIT~1\PROC\p18f2455.asm
                  CCP1CON   0x000fbd       data     extern C:\MCC18\SRC\TRADIT~1\PROC\p18f2455.asm
              CCP1CONbits   0x000fbd       data     extern C:\MCC18\SRC\TRADIT~1\PROC\p18f2455.asm
                  CCP1DEL   0x000fb7       data     extern C:\MCC18\SRC\TRADIT~1\PROC\p18f2455.asm
              CCP1DELbits   0x000fb7       data     extern C:\MCC18\SRC\TRADIT~1\PROC\p18f2455.asm
                  CCP2CON   0x000fba       data     extern C:\MCC18\SRC\TRADIT~1\PROC\p18f2455.asm
              CCP2CONbits   0x000fba       data     extern C:\MCC18\SRC\TRADIT~1\PROC\p18f2455.asm
                    CCPR1   0x000fbe       data     extern C:\MCC18\SRC\TRADIT~1\PROC\p18f2455.asm
                   CCPR1H   0x000fbf       data     extern C:\MCC18\SRC\TRADIT~1\PROC\p18f2455.asm
                   CCPR1L   0x000fbe       data     extern C:\MCC18\SRC\TRADIT~1\PROC\p18f2455.asm
                    CCPR2   0x000fbb       data     extern C:\MCC18\SRC\TRADIT~1\PROC\p18f2455.asm
                   CCPR2H   0x000fbc       data     extern C:\MCC18\SRC\TRADIT~1\PROC\p18f2455.asm
                   CCPR2L   0x000fbb       data     extern C:\MCC18\SRC\TRADIT~1\PROC\p18f2455.asm
                    CMCON   0x000fb4       data     extern C:\MCC18\SRC\TRADIT~1\PROC\p18f2455.asm
                CMCONbits   0x000fb4       data     extern C:\MCC18\SRC\TRADIT~1\PROC\p18f2455.asm
                   CVRCON   0x000fb5       data     extern C:\MCC18\SRC\TRADIT~1\PROC\p18f2455.asm
               CVRCONbits   0x000fb5       data     extern C:\MCC18\SRC\TRADIT~1\PROC\p18f2455.asm
              CtrlTrfData   0x000428       data     extern C:\kohsuke\My Projects\DIYOrb\pic-software\system\usb\usbmmap.c
                     DDRA   0x000f92       data     extern C:\MCC18\SRC\TRADIT~1\PROC\p18f2455.asm
                 DDRAbits   0x000f92       data     extern C:\MCC18\SRC\TRADIT~1\PROC\p18f2455.asm
                     DDRB   0x000f93       data     extern C:\MCC18\SRC\TRADIT~1\PROC\p18f2455.asm
                 DDRBbits   0x000f93       data     extern C:\MCC18\SRC\TRADIT~1\PROC\p18f2455.asm
                     DDRC   0x000f94       data     extern C:\MCC18\SRC\TRADIT~1\PROC\p18f2455.asm
                 DDRCbits   0x000f94       data     extern C:\MCC18\SRC\TRADIT~1\PROC\p18f2455.asm
                  ECCP1AS   0x000fb6       data     extern C:\MCC18\SRC\TRADIT~1\PROC\p18f2455.asm
              ECCP1ASbits   0x000fb6       data     extern C:\MCC18\SRC\TRADIT~1\PROC\p18f2455.asm
                 ECCP1DEL   0x000fb7       data     extern C:\MCC18\SRC\TRADIT~1\PROC\p18f2455.asm
             ECCP1DELbits   0x000fb7       data     extern C:\MCC18\SRC\TRADIT~1\PROC\p18f2455.asm
                    EEADR   0x000fa9       data     extern C:\MCC18\SRC\TRADIT~1\PROC\p18f2455.asm
                   EECON1   0x000fa6       data     extern C:\MCC18\SRC\TRADIT~1\PROC\p18f2455.asm
               EECON1bits   0x000fa6       data     extern C:\MCC18\SRC\TRADIT~1\PROC\p18f2455.asm
                   EECON2   0x000fa7       data     extern C:\MCC18\SRC\TRADIT~1\PROC\p18f2455.asm
                   EEDATA   0x000fa8       data     extern C:\MCC18\SRC\TRADIT~1\PROC\p18f2455.asm
                     FSR0   0x000fe9       data     extern C:\MCC18\SRC\TRADIT~1\PROC\p18f2455.asm
                    FSR0H   0x000fea       data     extern C:\MCC18\SRC\TRADIT~1\PROC\p18f2455.asm
                    FSR0L   0x000fe9       data     extern C:\MCC18\SRC\TRADIT~1\PROC\p18f2455.asm
                     FSR1   0x000fe1       data     extern C:\MCC18\SRC\TRADIT~1\PROC\p18f2455.asm
                    FSR1H   0x000fe2       data     extern C:\MCC18\SRC\TRADIT~1\PROC\p18f2455.asm
                    FSR1L   0x000fe1       data     extern C:\MCC18\SRC\TRADIT~1\PROC\p18f2455.asm
                     FSR2   0x000fd9       data     extern C:\MCC18\SRC\TRADIT~1\PROC\p18f2455.asm
                    FSR2H   0x000fda       data     extern C:\MCC18\SRC\TRADIT~1\PROC\p18f2455.asm
                    FSR2L   0x000fd9       data     extern C:\MCC18\SRC\TRADIT~1\PROC\p18f2455.asm
                  HLVDCON   0x000fd2       data     extern C:\MCC18\SRC\TRADIT~1\PROC\p18f2455.asm
              HLVDCONbits   0x000fd2       data     extern C:\MCC18\SRC\TRADIT~1\PROC\p18f2455.asm
                    INDF0   0x000fef       data     extern C:\MCC18\SRC\TRADIT~1\PROC\p18f2455.asm
                    INDF1   0x000fe7       data     extern C:\MCC18\SRC\TRADIT~1\PROC\p18f2455.asm
                    INDF2   0x000fdf       data     extern C:\MCC18\SRC\TRADIT~1\PROC\p18f2455.asm
                   INTCON   0x000ff2       data     extern C:\MCC18\SRC\TRADIT~1\PROC\p18f2455.asm
                  INTCON2   0x000ff1       data     extern C:\MCC18\SRC\TRADIT~1\PROC\p18f2455.asm
              INTCON2bits   0x000ff1       data     extern C:\MCC18\SRC\TRADIT~1\PROC\p18f2455.asm
                  INTCON3   0x000ff0       data     extern C:\MCC18\SRC\TRADIT~1\PROC\p18f2455.asm
              INTCON3bits   0x000ff0       data     extern C:\MCC18\SRC\TRADIT~1\PROC\p18f2455.asm
               INTCONbits   0x000ff2       data     extern C:\MCC18\SRC\TRADIT~1\PROC\p18f2455.asm
                     IPR1   0x000f9f       data     extern C:\MCC18\SRC\TRADIT~1\PROC\p18f2455.asm
                 IPR1bits   0x000f9f       data     extern C:\MCC18\SRC\TRADIT~1\PROC\p18f2455.asm
                     IPR2   0x000fa2       data     extern C:\MCC18\SRC\TRADIT~1\PROC\p18f2455.asm
                 IPR2bits   0x000fa2       data     extern C:\MCC18\SRC\TRADIT~1\PROC\p18f2455.asm
                     LATA   0x000f89       data     extern C:\MCC18\SRC\TRADIT~1\PROC\p18f2455.asm
                 LATAbits   0x000f89       data     extern C:\MCC18\SRC\TRADIT~1\PROC\p18f2455.asm
                     LATB   0x000f8a       data     extern C:\MCC18\SRC\TRADIT~1\PROC\p18f2455.asm
                 LATBbits   0x000f8a       data     extern C:\MCC18\SRC\TRADIT~1\PROC\p18f2455.asm
                     LATC   0x000f8b       data     extern C:\MCC18\SRC\TRADIT~1\PROC\p18f2455.asm
                 LATCbits   0x000f8b       data     extern C:\MCC18\SRC\TRADIT~1\PROC\p18f2455.asm
                   LVDCON   0x000fd2       data     extern C:\MCC18\SRC\TRADIT~1\PROC\p18f2455.asm
               LVDCONbits   0x000fd2       data     extern C:\MCC18\SRC\TRADIT~1\PROC\p18f2455.asm
                   OSCCON   0x000fd3       data     extern C:\MCC18\SRC\TRADIT~1\PROC\p18f2455.asm
               OSCCONbits   0x000fd3       data     extern C:\MCC18\SRC\TRADIT~1\PROC\p18f2455.asm
                  OSCTUNE   0x000f9b       data     extern C:\MCC18\SRC\TRADIT~1\PROC\p18f2455.asm
              OSCTUNEbits   0x000f9b       data     extern C:\MCC18\SRC\TRADIT~1\PROC\p18f2455.asm
                       PC   0x000ff9       data     extern C:\MCC18\SRC\TRADIT~1\PROC\p18f2455.asm
                      PCL   0x000ff9       data     extern C:\MCC18\SRC\TRADIT~1\PROC\p18f2455.asm
                   PCLATH   0x000ffa       data     extern C:\MCC18\SRC\TRADIT~1\PROC\p18f2455.asm
                   PCLATU   0x000ffb       data     extern C:\MCC18\SRC\TRADIT~1\PROC\p18f2455.asm
                     PIE1   0x000f9d       data     extern C:\MCC18\SRC\TRADIT~1\PROC\p18f2455.asm
                 PIE1bits   0x000f9d       data     extern C:\MCC18\SRC\TRADIT~1\PROC\p18f2455.asm
                     PIE2   0x000fa0       data     extern C:\MCC18\SRC\TRADIT~1\PROC\p18f2455.asm
                 PIE2bits   0x000fa0       data     extern C:\MCC18\SRC\TRADIT~1\PROC\p18f2455.asm
                     PIR1   0x000f9e       data     extern C:\MCC18\SRC\TRADIT~1\PROC\p18f2455.asm
                 PIR1bits   0x000f9e       data     extern C:\MCC18\SRC\TRADIT~1\PROC\p18f2455.asm
                     PIR2   0x000fa1       data     extern C:\MCC18\SRC\TRADIT~1\PROC\p18f2455.asm
                 PIR2bits   0x000fa1       data     extern C:\MCC18\SRC\TRADIT~1\PROC\p18f2455.asm
                   PLUSW0   0x000feb       data     extern C:\MCC18\SRC\TRADIT~1\PROC\p18f2455.asm
                   PLUSW1   0x000fe3       data     extern C:\MCC18\SRC\TRADIT~1\PROC\p18f2455.asm
                   PLUSW2   0x000fdb       data     extern C:\MCC18\SRC\TRADIT~1\PROC\p18f2455.asm
                    PORTA   0x000f80       data     extern C:\MCC18\SRC\TRADIT~1\PROC\p18f2455.asm
                PORTAbits   0x000f80       data     extern C:\MCC18\SRC\TRADIT~1\PROC\p18f2455.asm
                    PORTB   0x000f81       data     extern C:\MCC18\SRC\TRADIT~1\PROC\p18f2455.asm
                PORTBbits   0x000f81       data     extern C:\MCC18\SRC\TRADIT~1\PROC\p18f2455.asm
                    PORTC   0x000f82       data     extern C:\MCC18\SRC\TRADIT~1\PROC\p18f2455.asm
                PORTCbits   0x000f82       data     extern C:\MCC18\SRC\TRADIT~1\PROC\p18f2455.asm
                    PORTE   0x000f84       data     extern C:\MCC18\SRC\TRADIT~1\PROC\p18f2455.asm
                PORTEbits   0x000f84       data     extern C:\MCC18\SRC\TRADIT~1\PROC\p18f2455.asm
                 POSTDEC0   0x000fed       data     extern C:\MCC18\SRC\TRADIT~1\PROC\p18f2455.asm
                 POSTDEC1   0x000fe5       data     extern C:\MCC18\SRC\TRADIT~1\PROC\p18f2455.asm
                 POSTDEC2   0x000fdd       data     extern C:\MCC18\SRC\TRADIT~1\PROC\p18f2455.asm
                 POSTINC0   0x000fee       data     extern C:\MCC18\SRC\TRADIT~1\PROC\p18f2455.asm
                 POSTINC1   0x000fe6       data     extern C:\MCC18\SRC\TRADIT~1\PROC\p18f2455.asm
                 POSTINC2   0x000fde       data     extern C:\MCC18\SRC\TRADIT~1\PROC\p18f2455.asm
                      PR2   0x000fcb       data     extern C:\MCC18\SRC\TRADIT~1\PROC\p18f2455.asm
                  PREINC0   0x000fec       data     extern C:\MCC18\SRC\TRADIT~1\PROC\p18f2455.asm
                  PREINC1   0x000fe4       data     extern C:\MCC18\SRC\TRADIT~1\PROC\p18f2455.asm
                  PREINC2   0x000fdc       data     extern C:\MCC18\SRC\TRADIT~1\PROC\p18f2455.asm
                     PROD   0x000ff3       data     extern C:\MCC18\SRC\TRADIT~1\PROC\p18f2455.asm
                    PRODH   0x000ff4       data     extern C:\MCC18\SRC\TRADIT~1\PROC\p18f2455.asm
                    PRODL   0x000ff3       data     extern C:\MCC18\SRC\TRADIT~1\PROC\p18f2455.asm
                     RCON   0x000fd0       data     extern C:\MCC18\SRC\TRADIT~1\PROC\p18f2455.asm
                 RCONbits   0x000fd0       data     extern C:\MCC18\SRC\TRADIT~1\PROC\p18f2455.asm
                    RCREG   0x000fae       data     extern C:\MCC18\SRC\TRADIT~1\PROC\p18f2455.asm
                    RCSTA   0x000fab       data     extern C:\MCC18\SRC\TRADIT~1\PROC\p18f2455.asm
                RCSTAbits   0x000fab       data     extern C:\MCC18\SRC\TRADIT~1\PROC\p18f2455.asm
                     SIGN   0x000000       data     extern C:\MCC18\SRC\TRADIT~1\MATH\cmath18.asm
                    SPBRG   0x000faf       data     extern C:\MCC18\SRC\TRADIT~1\PROC\p18f2455.asm
                   SPBRGH   0x000fb0       data     extern C:\MCC18\SRC\TRADIT~1\PROC\p18f2455.asm
                   SSPADD   0x000fc8       data     extern C:\MCC18\SRC\TRADIT~1\PROC\p18f2455.asm
                   SSPBUF   0x000fc9       data     extern C:\MCC18\SRC\TRADIT~1\PROC\p18f2455.asm
                  SSPCON1   0x000fc6       data     extern C:\MCC18\SRC\TRADIT~1\PROC\p18f2455.asm
              SSPCON1bits   0x000fc6       data     extern C:\MCC18\SRC\TRADIT~1\PROC\p18f2455.asm
                  SSPCON2   0x000fc5       data     extern C:\MCC18\SRC\TRADIT~1\PROC\p18f2455.asm
              SSPCON2bits   0x000fc5       data     extern C:\MCC18\SRC\TRADIT~1\PROC\p18f2455.asm
                  SSPSTAT   0x000fc7       data     extern C:\MCC18\SRC\TRADIT~1\PROC\p18f2455.asm
              SSPSTATbits   0x000fc7       data     extern C:\MCC18\SRC\TRADIT~1\PROC\p18f2455.asm
                   STATUS   0x000fd8       data     extern C:\MCC18\SRC\TRADIT~1\PROC\p18f2455.asm
               STATUSbits   0x000fd8       data     extern C:\MCC18\SRC\TRADIT~1\PROC\p18f2455.asm
                   STKPTR   0x000ffc       data     extern C:\MCC18\SRC\TRADIT~1\PROC\p18f2455.asm
               STKPTRbits   0x000ffc       data     extern C:\MCC18\SRC\TRADIT~1\PROC\p18f2455.asm
                 SetupPkt   0x000420       data     extern C:\kohsuke\My Projects\DIYOrb\pic-software\system\usb\usbmmap.c
                    T0CON   0x000fd5       data     extern C:\MCC18\SRC\TRADIT~1\PROC\p18f2455.asm
                T0CONbits   0x000fd5       data     extern C:\MCC18\SRC\TRADIT~1\PROC\p18f2455.asm
                    T1CON   0x000fcd       data     extern C:\MCC18\SRC\TRADIT~1\PROC\p18f2455.asm
                T1CONbits   0x000fcd       data     extern C:\MCC18\SRC\TRADIT~1\PROC\p18f2455.asm
                    T2CON   0x000fca       data     extern C:\MCC18\SRC\TRADIT~1\PROC\p18f2455.asm
                T2CONbits   0x000fca       data     extern C:\MCC18\SRC\TRADIT~1\PROC\p18f2455.asm
                    T3CON   0x000fb1       data     extern C:\MCC18\SRC\TRADIT~1\PROC\p18f2455.asm
                T3CONbits   0x000fb1       data     extern C:\MCC18\SRC\TRADIT~1\PROC\p18f2455.asm
                   TABLAT   0x000ff5       data     extern C:\MCC18\SRC\TRADIT~1\PROC\p18f2455.asm
                   TBLPTR   0x000ff6       data     extern C:\MCC18\SRC\TRADIT~1\PROC\p18f2455.asm
                  TBLPTRH   0x000ff7       data     extern C:\MCC18\SRC\TRADIT~1\PROC\p18f2455.asm
                  TBLPTRL   0x000ff6       data     extern C:\MCC18\SRC\TRADIT~1\PROC\p18f2455.asm
                  TBLPTRU   0x000ff8       data     extern C:\MCC18\SRC\TRADIT~1\PROC\p18f2455.asm
                    TMR0H   0x000fd7       data     extern C:\MCC18\SRC\TRADIT~1\PROC\p18f2455.asm
                    TMR0L   0x000fd6       data     extern C:\MCC18\SRC\TRADIT~1\PROC\p18f2455.asm
                    TMR1H   0x000fcf       data     extern C:\MCC18\SRC\TRADIT~1\PROC\p18f2455.asm
                    TMR1L   0x000fce       data     extern C:\MCC18\SRC\TRADIT~1\PROC\p18f2455.asm
                     TMR2   0x000fcc       data     extern C:\MCC18\SRC\TRADIT~1\PROC\p18f2455.asm
                    TMR3H   0x000fb3       data     extern C:\MCC18\SRC\TRADIT~1\PROC\p18f2455.asm
                    TMR3L   0x000fb2       data     extern C:\MCC18\SRC\TRADIT~1\PROC\p18f2455.asm
                      TOS   0x000ffd       data     extern C:\MCC18\SRC\TRADIT~1\PROC\p18f2455.asm
                     TOSH   0x000ffe       data     extern C:\MCC18\SRC\TRADIT~1\PROC\p18f2455.asm
                     TOSL   0x000ffd       data     extern C:\MCC18\SRC\TRADIT~1\PROC\p18f2455.asm
                     TOSU   0x000fff       data     extern C:\MCC18\SRC\TRADIT~1\PROC\p18f2455.asm
                    TRISA   0x000f92       data     extern C:\MCC18\SRC\TRADIT~1\PROC\p18f2455.asm
                TRISAbits   0x000f92       data     extern C:\MCC18\SRC\TRADIT~1\PROC\p18f2455.asm
                    TRISB   0x000f93       data     extern C:\MCC18\SRC\TRADIT~1\PROC\p18f2455.asm
                TRISBbits   0x000f93       data     extern C:\MCC18\SRC\TRADIT~1\PROC\p18f2455.asm
                    TRISC   0x000f94       data     extern C:\MCC18\SRC\TRADIT~1\PROC\p18f2455.asm
                TRISCbits   0x000f94       data     extern C:\MCC18\SRC\TRADIT~1\PROC\p18f2455.asm
                    TXREG   0x000fad       data     extern C:\MCC18\SRC\TRADIT~1\PROC\p18f2455.asm
                    TXSTA   0x000fac       data     extern C:\MCC18\SRC\TRADIT~1\PROC\p18f2455.asm
                TXSTAbits   0x000fac       data     extern C:\MCC18\SRC\TRADIT~1\PROC\p18f2455.asm
                    UADDR   0x000f6e       data     extern C:\MCC18\SRC\TRADIT~1\PROC\p18f2455.asm
                UADDRbits   0x000f6e       data     extern C:\MCC18\SRC\TRADIT~1\PROC\p18f2455.asm
                     UCFG   0x000f6f       data     extern C:\MCC18\SRC\TRADIT~1\PROC\p18f2455.asm
                 UCFGbits   0x000f6f       data     extern C:\MCC18\SRC\TRADIT~1\PROC\p18f2455.asm
                     UCON   0x000f6d       data     extern C:\MCC18\SRC\TRADIT~1\PROC\p18f2455.asm
                 UCONbits   0x000f6d       data     extern C:\MCC18\SRC\TRADIT~1\PROC\p18f2455.asm
                     UEIE   0x000f6b       data     extern C:\MCC18\SRC\TRADIT~1\PROC\p18f2455.asm
                 UEIEbits   0x000f6b       data     extern C:\MCC18\SRC\TRADIT~1\PROC\p18f2455.asm
                     UEIR   0x000f6a       data     extern C:\MCC18\SRC\TRADIT~1\PROC\p18f2455.asm
                 UEIRbits   0x000f6a       data     extern C:\MCC18\SRC\TRADIT~1\PROC\p18f2455.asm
                     UEP0   0x000f70       data     extern C:\MCC18\SRC\TRADIT~1\PROC\p18f2455.asm
                 UEP0bits   0x000f70       data     extern C:\MCC18\SRC\TRADIT~1\PROC\p18f2455.asm
                     UEP1   0x000f71       data     extern C:\MCC18\SRC\TRADIT~1\PROC\p18f2455.asm
                    UEP10   0x000f7a       data     extern C:\MCC18\SRC\TRADIT~1\PROC\p18f2455.asm
                UEP10bits   0x000f7a       data     extern C:\MCC18\SRC\TRADIT~1\PROC\p18f2455.asm
                    UEP11   0x000f7b       data     extern C:\MCC18\SRC\TRADIT~1\PROC\p18f2455.asm
                UEP11bits   0x000f7b       data     extern C:\MCC18\SRC\TRADIT~1\PROC\p18f2455.asm
                    UEP12   0x000f7c       data     extern C:\MCC18\SRC\TRADIT~1\PROC\p18f2455.asm
                UEP12bits   0x000f7c       data     extern C:\MCC18\SRC\TRADIT~1\PROC\p18f2455.asm
                    UEP13   0x000f7d       data     extern C:\MCC18\SRC\TRADIT~1\PROC\p18f2455.asm
                UEP13bits   0x000f7d       data     extern C:\MCC18\SRC\TRADIT~1\PROC\p18f2455.asm
                    UEP14   0x000f7e       data     extern C:\MCC18\SRC\TRADIT~1\PROC\p18f2455.asm
                UEP14bits   0x000f7e       data     extern C:\MCC18\SRC\TRADIT~1\PROC\p18f2455.asm
                    UEP15   0x000f7f       data     extern C:\MCC18\SRC\TRADIT~1\PROC\p18f2455.asm
                UEP15bits   0x000f7f       data     extern C:\MCC18\SRC\TRADIT~1\PROC\p18f2455.asm
                 UEP1bits   0x000f71       data     extern C:\MCC18\SRC\TRADIT~1\PROC\p18f2455.asm
                     UEP2   0x000f72       data     extern C:\MCC18\SRC\TRADIT~1\PROC\p18f2455.asm
                 UEP2bits   0x000f72       data     extern C:\MCC18\SRC\TRADIT~1\PROC\p18f2455.asm
                     UEP3   0x000f73       data     extern C:\MCC18\SRC\TRADIT~1\PROC\p18f2455.asm
                 UEP3bits   0x000f73       data     extern C:\MCC18\SRC\TRADIT~1\PROC\p18f2455.asm
                     UEP4   0x000f74       data     extern C:\MCC18\SRC\TRADIT~1\PROC\p18f2455.asm
                 UEP4bits   0x000f74       data     extern C:\MCC18\SRC\TRADIT~1\PROC\p18f2455.asm
                     UEP5   0x000f75       data     extern C:\MCC18\SRC\TRADIT~1\PROC\p18f2455.asm
                 UEP5bits   0x000f75       data     extern C:\MCC18\SRC\TRADIT~1\PROC\p18f2455.asm
                     UEP6   0x000f76       data     extern C:\MCC18\SRC\TRADIT~1\PROC\p18f2455.asm
                 UEP6bits   0x000f76       data     extern C:\MCC18\SRC\TRADIT~1\PROC\p18f2455.asm
                     UEP7   0x000f77       data     extern C:\MCC18\SRC\TRADIT~1\PROC\p18f2455.asm
                 UEP7bits   0x000f77       data     extern C:\MCC18\SRC\TRADIT~1\PROC\p18f2455.asm
                     UEP8   0x000f78       data     extern C:\MCC18\SRC\TRADIT~1\PROC\p18f2455.asm
                 UEP8bits   0x000f78       data     extern C:\MCC18\SRC\TRADIT~1\PROC\p18f2455.asm
                     UEP9   0x000f79       data     extern C:\MCC18\SRC\TRADIT~1\PROC\p18f2455.asm
                 UEP9bits   0x000f79       data     extern C:\MCC18\SRC\TRADIT~1\PROC\p18f2455.asm
                     UFRM   0x000f66       data     extern C:\MCC18\SRC\TRADIT~1\PROC\p18f2455.asm
                    UFRMH   0x000f67       data     extern C:\MCC18\SRC\TRADIT~1\PROC\p18f2455.asm
                UFRMHbits   0x000f67       data     extern C:\MCC18\SRC\TRADIT~1\PROC\p18f2455.asm
                    UFRML   0x000f66       data     extern C:\MCC18\SRC\TRADIT~1\PROC\p18f2455.asm
                UFRMLbits   0x000f66       data     extern C:\MCC18\SRC\TRADIT~1\PROC\p18f2455.asm
                      UIE   0x000f69       data     extern C:\MCC18\SRC\TRADIT~1\PROC\p18f2455.asm
                  UIEbits   0x000f69       data     extern C:\MCC18\SRC\TRADIT~1\PROC\p18f2455.asm
                      UIR   0x000f68       data     extern C:\MCC18\SRC\TRADIT~1\PROC\p18f2455.asm
                  UIRbits   0x000f68       data     extern C:\MCC18\SRC\TRADIT~1\PROC\p18f2455.asm
                    USTAT   0x000f6c       data     extern C:\MCC18\SRC\TRADIT~1\PROC\p18f2455.asm
                USTATbits   0x000f6c       data     extern C:\MCC18\SRC\TRADIT~1\PROC\p18f2455.asm
                   WDTCON   0x000fd1       data     extern C:\MCC18\SRC\TRADIT~1\PROC\p18f2455.asm
               WDTCONbits   0x000fd1       data     extern C:\MCC18\SRC\TRADIT~1\PROC\p18f2455.asm
                     WREG   0x000fe8       data     extern C:\MCC18\SRC\TRADIT~1\PROC\p18f2455.asm
                 __AARGB0   0x000009       data     extern C:\MCC18\SRC\TRADIT~1\MATH\aarg.asm
                 __AARGB1   0x000008       data     extern C:\MCC18\SRC\TRADIT~1\MATH\aarg.asm
                 __AARGB2   0x000007       data     extern C:\MCC18\SRC\TRADIT~1\MATH\aarg.asm
                 __AARGB3   0x000006       data     extern C:\MCC18\SRC\TRADIT~1\MATH\aarg.asm
                 __AARGB4   0x000005       data     extern C:\MCC18\SRC\TRADIT~1\MATH\aarg.asm
                 __AARGB5   0x000004       data     extern C:\MCC18\SRC\TRADIT~1\MATH\aarg.asm
                 __AARGB6   0x000003       data     extern C:\MCC18\SRC\TRADIT~1\MATH\aarg.asm
                 __AARGB7   0x000002       data     extern C:\MCC18\SRC\TRADIT~1\MATH\aarg.asm
                   __AEXP   0x00000a       data     extern C:\MCC18\SRC\TRADIT~1\MATH\aarg.asm
                 __BARGB0   0x00000e       data     extern C:\MCC18\SRC\TRADIT~1\MATH\barg.asm
                 __BARGB1   0x00000d       data     extern C:\MCC18\SRC\TRADIT~1\MATH\barg.asm
                 __BARGB2   0x00000c       data     extern C:\MCC18\SRC\TRADIT~1\MATH\barg.asm
                 __BARGB3   0x00000b       data     extern C:\MCC18\SRC\TRADIT~1\MATH\barg.asm
                   __BEXP   0x00000f       data     extern C:\MCC18\SRC\TRADIT~1\MATH\barg.asm
                __FPFLAGS   0x000001       data     extern C:\MCC18\SRC\TRADIT~1\MATH\cmath18.asm
            __FPFLAGSbits   0x000001       data     extern C:\MCC18\SRC\TRADIT~1\MATH\cmath18.asm
                  __REMB0   0x000005       data     extern C:\MCC18\SRC\TRADIT~1\MATH\aarg.asm
                  __REMB1   0x000004       data     extern C:\MCC18\SRC\TRADIT~1\MATH\aarg.asm
                  __REMB2   0x000003       data     extern C:\MCC18\SRC\TRADIT~1\MATH\aarg.asm
                  __REMB3   0x000002       data     extern C:\MCC18\SRC\TRADIT~1\MATH\aarg.asm
                   __TEMP   0x000013       data     extern C:\MCC18\SRC\TRADIT~1\MATH\temparg.asm
                 __TEMPB0   0x000013       data     extern C:\MCC18\SRC\TRADIT~1\MATH\temparg.asm
                 __TEMPB1   0x000012       data     extern C:\MCC18\SRC\TRADIT~1\MATH\temparg.asm
                 __TEMPB2   0x000011       data     extern C:\MCC18\SRC\TRADIT~1\MATH\temparg.asm
                 __TEMPB3   0x000010       data     extern C:\MCC18\SRC\TRADIT~1\MATH\temparg.asm
                  __tmp_0   0x000014       data     static C:\MCC18\src\TRADIT~1\stdclib\sprintf.c
                  __tmp_0   0x000014       data     static C:\MCC18\src\TRADIT~1\stdclib\vfprintf.c
                  __tmp_0   0x000014       data     static C:\MCC18\src\TRADIT~1\stdclib\putc.c
                  __tmp_0   0x000014       data     static C:\kohsuke\My Projects\DIYOrb\pic-software\user\user.c
                  __tmp_0   0x000014       data     static C:\kohsuke\My Projects\DIYOrb\pic-software\system\usb\usbctrltrf\usbctrltrf.c
                  __tmp_0   0x000014       data     static C:\kohsuke\My Projects\DIYOrb\pic-software\system\usb\class\cdc\cdc.c
                  __tmp_0   0x000014       data     static C:\kohsuke\My Projects\DIYOrb\pic-software\system\usb\usb9\usb9.c
                  __tmp_0   0x000014       data     static C:\kohsuke\My Projects\DIYOrb\pic-software\user\parse.c
                  __tmp_0   0x000014       data     static C:\kohsuke\My Projects\DIYOrb\pic-software\user\executor.c
              cdc_data_rx   0x000508       data     extern C:\kohsuke\My Projects\DIYOrb\pic-software\system\usb\usbmmap.c
              cdc_data_tx   0x000548       data     extern C:\kohsuke\My Projects\DIYOrb\pic-software\system\usb\usbmmap.c
             cdc_mem_type   0x000087       data     extern C:\kohsuke\My Projects\DIYOrb\pic-software\system\usb\class\cdc\cdc.c
               cdc_notice   0x000500       data     extern C:\kohsuke\My Projects\DIYOrb\pic-software\system\usb\usbmmap.c
               cdc_rx_len   0x000080       data     extern C:\kohsuke\My Projects\DIYOrb\pic-software\system\usb\class\cdc\cdc.c
            cdc_trf_state   0x000081       data     extern C:\kohsuke\My Projects\DIYOrb\pic-software\system\usb\class\cdc\cdc.c
               cdc_tx_len   0x000086       data     extern C:\kohsuke\My Projects\DIYOrb\pic-software\system\usb\class\cdc\cdc.c
    control_signal_bitmap   0x00008f       data     extern C:\kohsuke\My Projects\DIYOrb\pic-software\system\usb\class\cdc\cdc.c
   ctrl_trf_session_owner   0x0000c4       data     extern C:\kohsuke\My Projects\DIYOrb\pic-software\system\usb\usbctrltrf\usbctrltrf.c
           ctrl_trf_state   0x0000c3       data     extern C:\kohsuke\My Projects\DIYOrb\pic-software\system\usb\usbctrltrf\usbctrltrf.c
                curr_byte   0x0000b3       data     static C:\MCC18\src\traditional\startup\c018i.c
               curr_entry   0x0000b5       data     static C:\MCC18\src\traditional\startup\c018i.c
                  current   0x0000ba       data     extern C:\kohsuke\My Projects\DIYOrb\pic-software\user\executor.c
              currentBank   0x0000d1       data     static C:\kohsuke\My Projects\DIYOrb\pic-software\user\parse.c
                 data_ptr   0x0000b7       data     static C:\MCC18\src\traditional\startup\c018i.c
              delay_count   0x0000d6       data     static C:\kohsuke\My Projects\DIYOrb\pic-software\system\usb\usbdrv\usbdrv.c
dummy_encapsulated_cmd_response   0x000093       data     extern C:\kohsuke\My Projects\DIYOrb\pic-software\system\usb\class\cdc\cdc.c
                    ep0Bi   0x000404       data     extern C:\kohsuke\My Projects\DIYOrb\pic-software\system\usb\usbmmap.c
                    ep0Bo   0x000400       data     extern C:\kohsuke\My Projects\DIYOrb\pic-software\system\usb\usbmmap.c
                    ep1Bi   0x00040c       data     extern C:\kohsuke\My Projects\DIYOrb\pic-software\system\usb\usbmmap.c
                    ep1Bo   0x000408       data     extern C:\kohsuke\My Projects\DIYOrb\pic-software\system\usb\usbmmap.c
                    ep2Bi   0x000414       data     extern C:\kohsuke\My Projects\DIYOrb\pic-software\system\usb\usbmmap.c
                    ep2Bo   0x000410       data     extern C:\kohsuke\My Projects\DIYOrb\pic-software\system\usb\usbmmap.c
                    ep3Bi   0x00041c       data     extern C:\kohsuke\My Projects\DIYOrb\pic-software\system\usb\usbmmap.c
                    ep3Bo   0x000418       data     extern C:\kohsuke\My Projects\DIYOrb\pic-software\system\usb\usbmmap.c
                  g_error   0x0000da       data     extern C:\kohsuke\My Projects\DIYOrb\pic-software\user\user.c
                       ip   0x0000ac       data     extern C:\kohsuke\My Projects\DIYOrb\pic-software\user\executor.c
              line_coding   0x000088       data     extern C:\kohsuke\My Projects\DIYOrb\pic-software\system\usb\class\cdc\cdc.c
            output_buffer   0x000060       data     extern C:\kohsuke\My Projects\DIYOrb\pic-software\user\parse.c
                  pCDCDst   0x000084       data     extern C:\kohsuke\My Projects\DIYOrb\pic-software\system\usb\class\cdc\cdc.c
                  pCDCSrc   0x000082       data     extern C:\kohsuke\My Projects\DIYOrb\pic-software\system\usb\class\cdc\cdc.c
                     pDst   0x0000c7       data     extern C:\kohsuke\My Projects\DIYOrb\pic-software\system\usb\usbctrltrf\usbctrltrf.c
                     pSrc   0x0000c5       data     extern C:\kohsuke\My Projects\DIYOrb\pic-software\system\usb\usbctrltrf\usbctrltrf.c
            preambleCount   0x0000ce       data     static C:\kohsuke\My Projects\DIYOrb\pic-software\user\parse.c
                  program   0x00009b       data     extern C:\kohsuke\My Projects\DIYOrb\pic-software\user\executor.c
                 program1   0x000100       data     extern C:\kohsuke\My Projects\DIYOrb\pic-software\user\parse.c
                 program2   0x000200       data     extern C:\kohsuke\My Projects\DIYOrb\pic-software\user\parse.c
             programReady   0x0000cb       data     extern C:\kohsuke\My Projects\DIYOrb\pic-software\user\parse.c
                     prom   0x0000b0       data     static C:\MCC18\src\traditional\startup\c018i.c
                 pwmCycle   0x0000d9       data     static C:\kohsuke\My Projects\DIYOrb\pic-software\user\user.c
                  readPtr   0x0000cf       data     static C:\kohsuke\My Projects\DIYOrb\pic-software\user\parse.c
          remainingLength   0x0000cd       data     static C:\kohsuke\My Projects\DIYOrb\pic-software\user\parse.c
            sentenceReady   0x0000d8       data     static C:\kohsuke\My Projects\DIYOrb\pic-software\user\user.c
                    start   0x0000bd       data     static C:\kohsuke\My Projects\DIYOrb\pic-software\user\executor.c
                   target   0x0000c0       data     static C:\kohsuke\My Projects\DIYOrb\pic-software\user\executor.c
              timeElapsed   0x0000ae       data     extern C:\kohsuke\My Projects\DIYOrb\pic-software\user\executor.c
           usb_active_cfg   0x0000d4       data     extern C:\kohsuke\My Projects\DIYOrb\pic-software\system\usb\usbmmap.c
             usb_alt_intf   0x0000d5       data     extern C:\kohsuke\My Projects\DIYOrb\pic-software\system\usb\usbmmap.c
         usb_device_state   0x0000d2       data     extern C:\kohsuke\My Projects\DIYOrb\pic-software\system\usb\usbmmap.c
                 usb_stat   0x0000d3       data     extern C:\kohsuke\My Projects\DIYOrb\pic-software\system\usb\usbmmap.c
                   wCount   0x0000c9       data     extern C:\kohsuke\My Projects\DIYOrb\pic-software\system\usb\usbctrltrf\usbctrltrf.c



                              Symbols - Sorted by Address
                     Name    Address   Location    Storage File                     
                ---------  ---------  ---------  --------- ---------                
                   _entry   0x000000    program     extern C:\MCC18\src\traditional\startup\c018i.c
       ___return_lbl00000   0x000004    program     static                          
                   _reset   0x000800    program     extern C:\kohsuke\My Projects\DIYOrb\pic-software\main.c
       ___return_lbl00000   0x000804    program     static                          
              high_vector   0x000808    program     extern C:\kohsuke\My Projects\DIYOrb\pic-software\main.c
       ___return_lbl00001   0x00080c    program     static                          
               low_vector   0x000818    program     extern C:\kohsuke\My Projects\DIYOrb\pic-software\main.c
       ___return_lbl00002   0x00081c    program     static                          
            s_put_n_chars   0x000850    program     static C:\MCC18\src\TRADIT~1\stdclib\vfprintf.c
                 vfprintf   0x00087c    program     extern C:\MCC18\src\TRADIT~1\stdclib\vfprintf.c
              __tmplbl_85   0x0008a6    program     static                          
              __tmplbl_44   0x001154    program     static                          
              __tmplbl_43   0x00116e    program     static                          
                   __pa_0   0x001190    program     static C:\MCC18\src\TRADIT~1\stdclib\vfprintf.c
                   __pa_1   0x001198    program     static C:\MCC18\src\TRADIT~1\stdclib\vfprintf.c
                   __pa_2   0x0011a2    program     static C:\MCC18\src\TRADIT~1\stdclib\vfprintf.c
                   __pa_3   0x0011ac    program     static C:\MCC18\src\TRADIT~1\stdclib\vfprintf.c
                   __pa_4   0x0011c4    program     static C:\MCC18\src\TRADIT~1\stdclib\vfprintf.c
                   __pa_5   0x0011d8    program     static C:\MCC18\src\TRADIT~1\stdclib\vfprintf.c
                   __pa_6   0x0011f4    program     static C:\MCC18\src\TRADIT~1\stdclib\vfprintf.c
                   __pa_7   0x0011fe    program     static C:\MCC18\src\TRADIT~1\stdclib\vfprintf.c
                   __pa_8   0x00120a    program     static C:\MCC18\src\TRADIT~1\stdclib\vfprintf.c
                   __pa_9   0x00122c    program     static C:\MCC18\src\TRADIT~1\stdclib\vfprintf.c
                  __pa_10   0x00124c    program     static C:\MCC18\src\TRADIT~1\stdclib\vfprintf.c
                  __pa_11   0x00125a    program     static C:\MCC18\src\TRADIT~1\stdclib\vfprintf.c
                  __pa_12   0x001270    program     static C:\MCC18\src\TRADIT~1\stdclib\vfprintf.c
                  __pa_13   0x00128a    program     static C:\MCC18\src\TRADIT~1\stdclib\vfprintf.c
                  __pa_14   0x0012a2    program     static C:\MCC18\src\TRADIT~1\stdclib\vfprintf.c
                  __pa_15   0x0012b2    program     static C:\MCC18\src\TRADIT~1\stdclib\vfprintf.c
                  __pa_16   0x0012c8    program     static C:\MCC18\src\TRADIT~1\stdclib\vfprintf.c
                  __pa_17   0x0012da    program     static C:\MCC18\src\TRADIT~1\stdclib\vfprintf.c
                  __pa_18   0x0012ec    program     static C:\MCC18\src\TRADIT~1\stdclib\vfprintf.c
                  __pa_19   0x0012f6    program     static C:\MCC18\src\TRADIT~1\stdclib\vfprintf.c
                  __pa_20   0x001306    program     static C:\MCC18\src\TRADIT~1\stdclib\vfprintf.c
                  __pa_21   0x001316    program     static C:\MCC18\src\TRADIT~1\stdclib\vfprintf.c
                  __pa_22   0x001326    program     static C:\MCC18\src\TRADIT~1\stdclib\vfprintf.c
              __tmplbl_42   0x001326    program     static                          
                  __pa_23   0x001332    program     static C:\MCC18\src\TRADIT~1\stdclib\vfprintf.c
                  __pa_24   0x001340    program     static C:\MCC18\src\TRADIT~1\stdclib\vfprintf.c
                  __pa_25   0x001348    program     static C:\MCC18\src\TRADIT~1\stdclib\vfprintf.c
                  __pa_26   0x001352    program     static C:\MCC18\src\TRADIT~1\stdclib\vfprintf.c
                  __pa_27   0x00135c    program     static C:\MCC18\src\TRADIT~1\stdclib\vfprintf.c
                  __pa_28   0x001364    program     static C:\MCC18\src\TRADIT~1\stdclib\vfprintf.c
                  __pa_29   0x001372    program     static C:\MCC18\src\TRADIT~1\stdclib\vfprintf.c
                  __pa_30   0x00138e    program     static C:\MCC18\src\TRADIT~1\stdclib\vfprintf.c
                  __pa_31   0x0013a8    program     static C:\MCC18\src\TRADIT~1\stdclib\vfprintf.c
                  __pa_32   0x0013c2    program     static C:\MCC18\src\TRADIT~1\stdclib\vfprintf.c
                  __pa_33   0x0013da    program     static C:\MCC18\src\TRADIT~1\stdclib\vfprintf.c
                  __pa_34   0x0013e4    program     static C:\MCC18\src\TRADIT~1\stdclib\vfprintf.c
                  __pa_35   0x0013f2    program     static C:\MCC18\src\TRADIT~1\stdclib\vfprintf.c
                  __pa_36   0x0013fa    program     static C:\MCC18\src\TRADIT~1\stdclib\vfprintf.c
                  __pa_37   0x001404    program     static C:\MCC18\src\TRADIT~1\stdclib\vfprintf.c
                  __pa_38   0x001414    program     static C:\MCC18\src\TRADIT~1\stdclib\vfprintf.c
                  __pa_39   0x001422    program     static C:\MCC18\src\TRADIT~1\stdclib\vfprintf.c
                  __pa_40   0x00142e    program     static C:\MCC18\src\TRADIT~1\stdclib\vfprintf.c
                  __pa_41   0x00143a    program     static C:\MCC18\src\TRADIT~1\stdclib\vfprintf.c
                  __pa_42   0x001442    program     static C:\MCC18\src\TRADIT~1\stdclib\vfprintf.c
                  __pa_43   0x00144c    program     static C:\MCC18\src\TRADIT~1\stdclib\vfprintf.c
                  __pa_44   0x001452    program     static C:\MCC18\src\TRADIT~1\stdclib\vfprintf.c
                  __pa_45   0x00145c    program     static C:\MCC18\src\TRADIT~1\stdclib\vfprintf.c
                  __pa_46   0x001468    program     static C:\MCC18\src\TRADIT~1\stdclib\vfprintf.c
                  DoTimer   0x001472    program     extern C:\kohsuke\My Projects\DIYOrb\pic-software\user\executor.c
                   moveIP   0x00153c    program     extern C:\kohsuke\My Projects\DIYOrb\pic-software\user\executor.c
                 ExecuteC   0x00155c    program     extern C:\kohsuke\My Projects\DIYOrb\pic-software\user\executor.c
                 ExecuteH   0x001702    program     extern C:\kohsuke\My Projects\DIYOrb\pic-software\user\executor.c
                   offset   0x00171a    program     extern C:\kohsuke\My Projects\DIYOrb\pic-software\user\executor.c
                 ExecuteJ   0x001754    program     extern C:\kohsuke\My Projects\DIYOrb\pic-software\user\executor.c
                 ExecuteB   0x0017aa    program     extern C:\kohsuke\My Projects\DIYOrb\pic-software\user\executor.c
       USBCheckCDCRequest   0x001860    program     extern C:\kohsuke\My Projects\DIYOrb\pic-software\system\usb\class\cdc\cdc.c
                CDCInitEP   0x00192e    program     extern C:\kohsuke\My Projects\DIYOrb\pic-software\system\usb\class\cdc\cdc.c
             getsUSBUSART   0x001992    program     extern C:\kohsuke\My Projects\DIYOrb\pic-software\system\usb\class\cdc\cdc.c
             putsUSBUSART   0x001a24    program     extern C:\kohsuke\My Projects\DIYOrb\pic-software\system\usb\class\cdc\cdc.c
            putrsUSBUSART   0x001aa2    program     extern C:\kohsuke\My Projects\DIYOrb\pic-software\system\usb\class\cdc\cdc.c
             CDCTxService   0x001b24    program     extern C:\kohsuke\My Projects\DIYOrb\pic-software\system\usb\class\cdc\cdc.c
         USBCtrlEPService   0x001c38    program     extern C:\kohsuke\My Projects\DIYOrb\pic-software\system\usb\usbctrltrf\usbctrltrf.c
   USBCtrlTrfSetupHandler   0x001c6e    program     extern C:\kohsuke\My Projects\DIYOrb\pic-software\system\usb\usbctrltrf\usbctrltrf.c
     USBCtrlTrfOutHandler   0x001cde    program     extern C:\kohsuke\My Projects\DIYOrb\pic-software\system\usb\usbctrltrf\usbctrltrf.c
      USBCtrlTrfInHandler   0x001d02    program     extern C:\kohsuke\My Projects\DIYOrb\pic-software\system\usb\usbctrltrf\usbctrltrf.c
      USBCtrlTrfTxService   0x001d44    program     extern C:\kohsuke\My Projects\DIYOrb\pic-software\system\usb\usbctrltrf\usbctrltrf.c
      USBCtrlTrfRxService   0x001e30    program     extern C:\kohsuke\My Projects\DIYOrb\pic-software\system\usb\usbctrltrf\usbctrltrf.c
 USBCtrlEPServiceComplete   0x001eb4    program     extern C:\kohsuke\My Projects\DIYOrb\pic-software\system\usb\usbctrltrf\usbctrltrf.c
USBPrepareForNextSetupTrf   0x001f52    program     extern C:\kohsuke\My Projects\DIYOrb\pic-software\system\usb\usbctrltrf\usbctrltrf.c
       USBCheckStdRequest   0x001f72    program     extern C:\kohsuke\My Projects\DIYOrb\pic-software\system\usb\usb9\usb9.c
      USBStdGetDscHandler   0x00203a    program     extern C:\kohsuke\My Projects\DIYOrb\pic-software\system\usb\usb9\usb9.c
      USBStdSetCfgHandler   0x0020f4    program     extern C:\kohsuke\My Projects\DIYOrb\pic-software\system\usb\usb9\usb9.c
   USBStdGetStatusHandler   0x002144    program     extern C:\kohsuke\My Projects\DIYOrb\pic-software\system\usb\usb9\usb9.c
  USBStdFeatureReqHandler   0x0021e4    program     extern C:\kohsuke\My Projects\DIYOrb\pic-software\system\usb\usb9\usb9.c
                   LowISR   0x002290    program     extern C:\kohsuke\My Projects\DIYOrb\pic-software\user\user.c
                  HighISR   0x002340    program     extern C:\kohsuke\My Projects\DIYOrb\pic-software\user\user.c
                 UserInit   0x002352    program     extern C:\kohsuke\My Projects\DIYOrb\pic-software\user\user.c
                ProcessIO   0x0023b6    program     extern C:\kohsuke\My Projects\DIYOrb\pic-software\user\user.c
                     Send   0x0023e0    program     extern C:\kohsuke\My Projects\DIYOrb\pic-software\user\user.c
           BlinkUSBStatus   0x00240a    program     extern C:\kohsuke\My Projects\DIYOrb\pic-software\user\user.c
          SwitchIsPressed   0x0024ca    program     extern C:\kohsuke\My Projects\DIYOrb\pic-software\user\user.c
        USBCheckBusStatus   0x0024da    program     extern C:\kohsuke\My Projects\DIYOrb\pic-software\system\usb\usbdrv\usbdrv.c
          USBModuleEnable   0x0024fe    program     extern C:\kohsuke\My Projects\DIYOrb\pic-software\system\usb\usbdrv\usbdrv.c
         USBModuleDisable   0x00250c    program     extern C:\kohsuke\My Projects\DIYOrb\pic-software\system\usb\usbdrv\usbdrv.c
            USBSoftDetach   0x002516    program     extern C:\kohsuke\My Projects\DIYOrb\pic-software\system\usb\usbdrv\usbdrv.c
         USBDriverService   0x00251a    program     extern C:\kohsuke\My Projects\DIYOrb\pic-software\system\usb\usbdrv\usbdrv.c
               USBSuspend   0x002598    program     extern C:\kohsuke\My Projects\DIYOrb\pic-software\system\usb\usbdrv\usbdrv.c
       ___return_lbl00028   0x0025a6    program     static                          
       USBWakeFromSuspend   0x0025a8    program     extern C:\kohsuke\My Projects\DIYOrb\pic-software\system\usb\usbdrv\usbdrv.c
          USBRemoteWakeup   0x0025b0    program     extern C:\kohsuke\My Projects\DIYOrb\pic-software\system\usb\usbdrv\usbdrv.c
          USB_SOF_Handler   0x0025d8    program     extern C:\kohsuke\My Projects\DIYOrb\pic-software\system\usb\usbdrv\usbdrv.c
          USBStallHandler   0x0025dc    program     extern C:\kohsuke\My Projects\DIYOrb\pic-software\system\usb\usbdrv\usbdrv.c
          USBErrorHandler   0x0025ea    program     extern C:\kohsuke\My Projects\DIYOrb\pic-software\system\usb\usbdrv\usbdrv.c
  USBProtocolResetHandler   0x0025ee    program     extern C:\kohsuke\My Projects\DIYOrb\pic-software\system\usb\usbdrv\usbdrv.c
               ClearArray   0x002632    program     extern C:\kohsuke\My Projects\DIYOrb\pic-software\system\usb\usbdrv\usbdrv.c
        ___while_lbl00043   0x002646    program     static                          
       ___return_lbl00042   0x002654    program     static                          
        ___while_lbl00044   0x002654    program     static                          
              ReadFromUSB   0x00265c    program     extern C:\kohsuke\My Projects\DIYOrb\pic-software\user\parse.c
                 FXD2424S   0x0027ae    program     extern C:\MCC18\SRC\TRADIT~1\MATH\fxd2424s.asm
                  DA2424S   0x0027c4    program     static C:\MCC18\SRC\TRADIT~1\MATH\fxd2424s.asm
                   D2424S   0x0027d8    program     static C:\MCC18\SRC\TRADIT~1\MATH\fxd2424s.asm
                 D2424SOK   0x0027e2    program     static C:\MCC18\SRC\TRADIT~1\MATH\fxd2424s.asm
                D2424SNEG   0x0027e6    program     static C:\MCC18\SRC\TRADIT~1\MATH\fxd2424s.asm
                  D2424SX   0x0027fe    program     static C:\MCC18\SRC\TRADIT~1\MATH\fxd2424s.asm
                 FXM1616S   0x002808    program     extern C:\MCC18\SRC\TRADIT~1\MATH\fxm1616s.asm
               TSIGN1616A   0x002854    program     static C:\MCC18\SRC\TRADIT~1\MATH\fxm1616s.asm
                 FXM2424U   0x002862    program     extern C:\MCC18\SRC\TRADIT~1\MATH\fxm2424u.asm
               device_dsc   0x0028f4    program     extern C:\kohsuke\My Projects\DIYOrb\pic-software\autofiles\usbdsc.c
                    cfg01   0x002906    program     extern C:\kohsuke\My Projects\DIYOrb\pic-software\autofiles\usbdsc.c
                    sd000   0x002949    program     extern C:\kohsuke\My Projects\DIYOrb\pic-software\autofiles\usbdsc.c
                    sd001   0x00294d    program     extern C:\kohsuke\My Projects\DIYOrb\pic-software\autofiles\usbdsc.c
                    sd002   0x002981    program     extern C:\kohsuke\My Projects\DIYOrb\pic-software\autofiles\usbdsc.c
               USB_CD_Ptr   0x0029b5    program     extern C:\kohsuke\My Projects\DIYOrb\pic-software\autofiles\usbdsc.c
               USB_SD_Ptr   0x0029b9    program     extern C:\kohsuke\My Projects\DIYOrb\pic-software\autofiles\usbdsc.c
          ClassReqHandler   0x0029bf    program     extern C:\kohsuke\My Projects\DIYOrb\pic-software\autofiles\usbdsc.c
                  sprintf   0x0029c2    program     extern C:\MCC18\src\TRADIT~1\stdclib\sprintf.c
                _do_cinit   0x002a6e    program     extern C:\MCC18\src\traditional\startup\c018i.c
                     test   0x002a88    program     static                          
                copy_loop   0x002ae0    program     static                          
            copy_one_byte   0x002ae6    program     static                          
             done_copying   0x002af4    program     static                          
       ___return_lbl00002   0x002b0a    program     static                          
                     done   0x002b0a    program     static                          
                     putc   0x002b0c    program     extern C:\MCC18\src\TRADIT~1\stdclib\putc.c
                  FXM3232   0x002b90    program     extern C:\MCC18\src\TRADIT~1\math\fxm3232.c
       ___return_lbl00000   0x002bfe    program     static                          
                   strlen   0x002c00    program     extern C:\MCC18\SRC\TRADIT~1\STDCLIB\strlen.asm
                    jLoop   0x002c10    program     static C:\MCC18\SRC\TRADIT~1\STDCLIB\strlen.asm
                     jEnd   0x002c1a    program     static C:\MCC18\SRC\TRADIT~1\STDCLIB\strlen.asm
                strlenpgm   0x002c1c    program     extern C:\MCC18\SRC\TRADIT~1\STDCLIB\slenpgm.asm
                    jLoop   0x002c3a    program     static C:\MCC18\SRC\TRADIT~1\STDCLIB\slenpgm.asm
                   _2jEnd   0x002c50    program     static C:\MCC18\SRC\TRADIT~1\STDCLIB\slenpgm.asm
                     jEnd   0x002c52    program     static C:\MCC18\SRC\TRADIT~1\STDCLIB\slenpgm.asm
                 FXD3232U   0x002c66    program     extern C:\MCC18\src\TRADIT~1\math\fxd3232u.c
                     loop   0x002c74    program     static                          
                   _false   0x002ca8    program     static                          
       ___return_lbl00000   0x002cac    program     static                          
               __string_1   0x002cae    program     static C:\kohsuke\My Projects\DIYOrb\pic-software\user\parse.c
               __string_0   0x002cb3    program     static C:\kohsuke\My Projects\DIYOrb\pic-software\user\parse.c
               __string_2   0x002cbd    program     static C:\kohsuke\My Projects\DIYOrb\pic-software\user\executor.c
               __string_1   0x002cc6    program     static C:\kohsuke\My Projects\DIYOrb\pic-software\user\executor.c
               __string_0   0x002cdc    program     static C:\kohsuke\My Projects\DIYOrb\pic-software\user\executor.c
                 FXD2424U   0x002ce8    program     extern C:\MCC18\src\TRADIT~1\math\fxd2424u.c
                     loop   0x002cf4    program     static                          
                   _false   0x002d1c    program     static                          
       ___return_lbl00000   0x002d20    program     static                          
                     main   0x002d22    program     extern C:\kohsuke\My Projects\DIYOrb\pic-software\main.c
         InitializeSystem   0x002d2e    program     static C:\kohsuke\My Projects\DIYOrb\pic-software\main.c
                 USBTasks   0x002d48    program     extern C:\kohsuke\My Projects\DIYOrb\pic-software\main.c
                  isdigit   0x002d5a    program     extern C:\MCC18\SRC\TRADIT~1\STDCLIB\isdigit.asm
                   jMatch   0x002d7a    program     static C:\MCC18\SRC\TRADIT~1\STDCLIB\isdigit.asm
                 jNoMatch   0x002d7c    program     static C:\MCC18\SRC\TRADIT~1\STDCLIB\isdigit.asm
              _usart_putc   0x002d7e    program     extern C:\MCC18\SRC\TRADIT~1\PMC\USART\_usartpc.asm
                     loop   0x002d8e    program     static C:\MCC18\SRC\TRADIT~1\PMC\USART\_usartpc.asm
                 _startup   0x002d9a    program     extern C:\MCC18\src\traditional\startup\c018i.c
                     loop   0x002daa    program     static                          
       ___return_lbl00001   0x002db0    program     static                          
                 s_digits   0x002db2    program     static C:\MCC18\src\TRADIT~1\stdclib\vfprintf.c
         instructionTable   0x002dc3    program     extern C:\kohsuke\My Projects\DIYOrb\pic-software\user\user.c
               _user_putc   0x002dcc    program     extern C:\MCC18\src\TRADIT~1\stdclib\_user_putc.c
                     SIGN   0x000000       data     extern C:\MCC18\SRC\TRADIT~1\MATH\cmath18.asm
            __FPFLAGSbits   0x000001       data     extern C:\MCC18\SRC\TRADIT~1\MATH\cmath18.asm
                __FPFLAGS   0x000001       data     extern C:\MCC18\SRC\TRADIT~1\MATH\cmath18.asm
                 __AARGB7   0x000002       data     extern C:\MCC18\SRC\TRADIT~1\MATH\aarg.asm
                  __REMB3   0x000002       data     extern C:\MCC18\SRC\TRADIT~1\MATH\aarg.asm
                 __AARGB6   0x000003       data     extern C:\MCC18\SRC\TRADIT~1\MATH\aarg.asm
                  __REMB2   0x000003       data     extern C:\MCC18\SRC\TRADIT~1\MATH\aarg.asm
                 __AARGB5   0x000004       data     extern C:\MCC18\SRC\TRADIT~1\MATH\aarg.asm
[...]
                     UEP2   0x000f72       data     extern C:\MCC18\SRC\TRADIT~1\PROC\p18f2455.asm
                 UEP3bits   0x000f73       data     extern C:\MCC18\SRC\TRADIT~1\PROC\p18f2455.asm
                     UEP3   0x000f73       data     extern C:\MCC18\SRC\TRADIT~1\PROC\p18f2455.asm
                 UEP4bits   0x000f74       data     extern C:\MCC18\SRC\TRADIT~1\PROC\p18f2455.asm
                     UEP4   0x000f74       data     extern C:\MCC18\SRC\TRADIT~1\PROC\p18f2455.asm
                 UEP5bits   0x000f75       data     extern C:\MCC18\SRC\TRADIT~1\PROC\p18f2455.asm
                     UEP5   0x000f75       data     extern C:\MCC18\SRC\TRADIT~1\PROC\p18f2455.asm
                 UEP6bits   0x000f76       data     extern C:\MCC18\SRC\TRADIT~1\PROC\p18f2455.asm
                     UEP6   0x000f76       data     extern C:\MCC18\SRC\TRADIT~1\PROC\p18f2455.asm
                     UEP7   0x000f77       data     extern C:\MCC18\SRC\TRADIT~1\PROC\p18f2455.asm
                 UEP7bits   0x000f77       data     extern C:\MCC18\SRC\TRADIT~1\PROC\p18f2455.asm
                     UEP8   0x000f78       data     extern C:\MCC18\SRC\TRADIT~1\PROC\p18f2455.asm
                 UEP8bits   0x000f78       data     extern C:\MCC18\SRC\TRADIT~1\PROC\p18f2455.asm
                     UEP9   0x000f79       data     extern C:\MCC18\SRC\TRADIT~1\PROC\p18f2455.asm
                 UEP9bits   0x000f79       data     extern C:\MCC18\SRC\TRADIT~1\PROC\p18f2455.asm
                    UEP10   0x000f7a       data     extern C:\MCC18\SRC\TRADIT~1\PROC\p18f2455.asm
                UEP10bits   0x000f7a       data     extern C:\MCC18\SRC\TRADIT~1\PROC\p18f2455.asm
                    UEP11   0x000f7b       data     extern C:\MCC18\SRC\TRADIT~1\PROC\p18f2455.asm
                UEP11bits   0x000f7b       data     extern C:\MCC18\SRC\TRADIT~1\PROC\p18f2455.asm
                    UEP12   0x000f7c       data     extern C:\MCC18\SRC\TRADIT~1\PROC\p18f2455.asm
                UEP12bits   0x000f7c       data     extern C:\MCC18\SRC\TRADIT~1\PROC\p18f2455.asm
                    UEP13   0x000f7d       data     extern C:\MCC18\SRC\TRADIT~1\PROC\p18f2455.asm
                UEP13bits   0x000f7d       data     extern C:\MCC18\SRC\TRADIT~1\PROC\p18f2455.asm
                    UEP14   0x000f7e       data     extern C:\MCC18\SRC\TRADIT~1\PROC\p18f2455.asm
                UEP14bits   0x000f7e       data     extern C:\MCC18\SRC\TRADIT~1\PROC\p18f2455.asm
                    UEP15   0x000f7f       data     extern C:\MCC18\SRC\TRADIT~1\PROC\p18f2455.asm
                UEP15bits   0x000f7f       data     extern C:\MCC18\SRC\TRADIT~1\PROC\p18f2455.asm
                PORTAbits   0x000f80       data     extern C:\MCC18\SRC\TRADIT~1\PROC\p18f2455.asm
                    PORTA   0x000f80       data     extern C:\MCC18\SRC\TRADIT~1\PROC\p18f2455.asm
                    PORTB   0x000f81       data     extern C:\MCC18\SRC\TRADIT~1\PROC\p18f2455.asm
                PORTBbits   0x000f81       data     extern C:\MCC18\SRC\TRADIT~1\PROC\p18f2455.asm
                PORTCbits   0x000f82       data     extern C:\MCC18\SRC\TRADIT~1\PROC\p18f2455.asm
                    PORTC   0x000f82       data     extern C:\MCC18\SRC\TRADIT~1\PROC\p18f2455.asm
                PORTEbits   0x000f84       data     extern C:\MCC18\SRC\TRADIT~1\PROC\p18f2455.asm
                    PORTE   0x000f84       data     extern C:\MCC18\SRC\TRADIT~1\PROC\p18f2455.asm
                 LATAbits   0x000f89       data     extern C:\MCC18\SRC\TRADIT~1\PROC\p18f2455.asm
                     LATA   0x000f89       data     extern C:\MCC18\SRC\TRADIT~1\PROC\p18f2455.asm
                     LATB   0x000f8a       data     extern C:\MCC18\SRC\TRADIT~1\PROC\p18f2455.asm
                 LATBbits   0x000f8a       data     extern C:\MCC18\SRC\TRADIT~1\PROC\p18f2455.asm
                     LATC   0x000f8b       data     extern C:\MCC18\SRC\TRADIT~1\PROC\p18f2455.asm
                 LATCbits   0x000f8b       data     extern C:\MCC18\SRC\TRADIT~1\PROC\p18f2455.asm
                 DDRAbits   0x000f92       data     extern C:\MCC18\SRC\TRADIT~1\PROC\p18f2455.asm
                TRISAbits   0x000f92       data     extern C:\MCC18\SRC\TRADIT~1\PROC\p18f2455.asm
                    TRISA   0x000f92       data     extern C:\MCC18\SRC\TRADIT~1\PROC\p18f2455.asm
                     DDRA   0x000f92       data     extern C:\MCC18\SRC\TRADIT~1\PROC\p18f2455.asm
                TRISBbits   0x000f93       data     extern C:\MCC18\SRC\TRADIT~1\PROC\p18f2455.asm
                    TRISB   0x000f93       data     extern C:\MCC18\SRC\TRADIT~1\PROC\p18f2455.asm
                     DDRB   0x000f93       data     extern C:\MCC18\SRC\TRADIT~1\PROC\p18f2455.asm
                 DDRBbits   0x000f93       data     extern C:\MCC18\SRC\TRADIT~1\PROC\p18f2455.asm
                     DDRC   0x000f94       data     extern C:\MCC18\SRC\TRADIT~1\PROC\p18f2455.asm
                 DDRCbits   0x000f94       data     extern C:\MCC18\SRC\TRADIT~1\PROC\p18f2455.asm
                    TRISC   0x000f94       data     extern C:\MCC18\SRC\TRADIT~1\PROC\p18f2455.asm
                TRISCbits   0x000f94       data     extern C:\MCC18\SRC\TRADIT~1\PROC\p18f2455.asm
                  OSCTUNE   0x000f9b       data     extern C:\MCC18\SRC\TRADIT~1\PROC\p18f2455.asm
              OSCTUNEbits   0x000f9b       data     extern C:\MCC18\SRC\TRADIT~1\PROC\p18f2455.asm
                     PIE1   0x000f9d       data     extern C:\MCC18\SRC\TRADIT~1\PROC\p18f2455.asm
                 PIE1bits   0x000f9d       data     extern C:\MCC18\SRC\TRADIT~1\PROC\p18f2455.asm
                     PIR1   0x000f9e       data     extern C:\MCC18\SRC\TRADIT~1\PROC\p18f2455.asm
                 PIR1bits   0x000f9e       data     extern C:\MCC18\SRC\TRADIT~1\PROC\p18f2455.asm
                     IPR1   0x000f9f       data     extern C:\MCC18\SRC\TRADIT~1\PROC\p18f2455.asm
                 IPR1bits   0x000f9f       data     extern C:\MCC18\SRC\TRADIT~1\PROC\p18f2455.asm
                     PIE2   0x000fa0       data     extern C:\MCC18\SRC\TRADIT~1\PROC\p18f2455.asm
                 PIE2bits   0x000fa0       data     extern C:\MCC18\SRC\TRADIT~1\PROC\p18f2455.asm
                 PIR2bits   0x000fa1       data     extern C:\MCC18\SRC\TRADIT~1\PROC\p18f2455.asm
                     PIR2   0x000fa1       data     extern C:\MCC18\SRC\TRADIT~1\PROC\p18f2455.asm
                     IPR2   0x000fa2       data     extern C:\MCC18\SRC\TRADIT~1\PROC\p18f2455.asm
                 IPR2bits   0x000fa2       data     extern C:\MCC18\SRC\TRADIT~1\PROC\p18f2455.asm
               EECON1bits   0x000fa6       data     extern C:\MCC18\SRC\TRADIT~1\PROC\p18f2455.asm
                   EECON1   0x000fa6       data     extern C:\MCC18\SRC\TRADIT~1\PROC\p18f2455.asm
                   EECON2   0x000fa7       data     extern C:\MCC18\SRC\TRADIT~1\PROC\p18f2455.asm
                   EEDATA   0x000fa8       data     extern C:\MCC18\SRC\TRADIT~1\PROC\p18f2455.asm
                    EEADR   0x000fa9       data     extern C:\MCC18\SRC\TRADIT~1\PROC\p18f2455.asm
                    RCSTA   0x000fab       data     extern C:\MCC18\SRC\TRADIT~1\PROC\p18f2455.asm
                RCSTAbits   0x000fab       data     extern C:\MCC18\SRC\TRADIT~1\PROC\p18f2455.asm
                    TXSTA   0x000fac       data     extern C:\MCC18\SRC\TRADIT~1\PROC\p18f2455.asm
                TXSTAbits   0x000fac       data     extern C:\MCC18\SRC\TRADIT~1\PROC\p18f2455.asm
                    TXREG   0x000fad       data     extern C:\MCC18\SRC\TRADIT~1\PROC\p18f2455.asm
                    RCREG   0x000fae       data     extern C:\MCC18\SRC\TRADIT~1\PROC\p18f2455.asm
                    SPBRG   0x000faf       data     extern C:\MCC18\SRC\TRADIT~1\PROC\p18f2455.asm
                   SPBRGH   0x000fb0       data     extern C:\MCC18\SRC\TRADIT~1\PROC\p18f2455.asm
                    T3CON   0x000fb1       data     extern C:\MCC18\SRC\TRADIT~1\PROC\p18f2455.asm
                T3CONbits   0x000fb1       data     extern C:\MCC18\SRC\TRADIT~1\PROC\p18f2455.asm
                    TMR3L   0x000fb2       data     extern C:\MCC18\SRC\TRADIT~1\PROC\p18f2455.asm
                    TMR3H   0x000fb3       data     extern C:\MCC18\SRC\TRADIT~1\PROC\p18f2455.asm
                    CMCON   0x000fb4       data     extern C:\MCC18\SRC\TRADIT~1\PROC\p18f2455.asm
                CMCONbits   0x000fb4       data     extern C:\MCC18\SRC\TRADIT~1\PROC\p18f2455.asm
                   CVRCON   0x000fb5       data     extern C:\MCC18\SRC\TRADIT~1\PROC\p18f2455.asm
               CVRCONbits   0x000fb5       data     extern C:\MCC18\SRC\TRADIT~1\PROC\p18f2455.asm
               CCP1ASbits   0x000fb6       data     extern C:\MCC18\SRC\TRADIT~1\PROC\p18f2455.asm
                   CCP1AS   0x000fb6       data     extern C:\MCC18\SRC\TRADIT~1\PROC\p18f2455.asm
                  ECCP1AS   0x000fb6       data     extern C:\MCC18\SRC\TRADIT~1\PROC\p18f2455.asm
              ECCP1ASbits   0x000fb6       data     extern C:\MCC18\SRC\TRADIT~1\PROC\p18f2455.asm
                  CCP1DEL   0x000fb7       data     extern C:\MCC18\SRC\TRADIT~1\PROC\p18f2455.asm
              CCP1DELbits   0x000fb7       data     extern C:\MCC18\SRC\TRADIT~1\PROC\p18f2455.asm
             ECCP1DELbits   0x000fb7       data     extern C:\MCC18\SRC\TRADIT~1\PROC\p18f2455.asm
                 ECCP1DEL   0x000fb7       data     extern C:\MCC18\SRC\TRADIT~1\PROC\p18f2455.asm
              BAUDCONbits   0x000fb8       data     extern C:\MCC18\SRC\TRADIT~1\PROC\p18f2455.asm
                  BAUDCON   0x000fb8       data     extern C:\MCC18\SRC\TRADIT~1\PROC\p18f2455.asm
                  CCP2CON   0x000fba       data     extern C:\MCC18\SRC\TRADIT~1\PROC\p18f2455.asm
              CCP2CONbits   0x000fba       data     extern C:\MCC18\SRC\TRADIT~1\PROC\p18f2455.asm
                    CCPR2   0x000fbb       data     extern C:\MCC18\SRC\TRADIT~1\PROC\p18f2455.asm
                   CCPR2L   0x000fbb       data     extern C:\MCC18\SRC\TRADIT~1\PROC\p18f2455.asm
                   CCPR2H   0x000fbc       data     extern C:\MCC18\SRC\TRADIT~1\PROC\p18f2455.asm
                  CCP1CON   0x000fbd       data     extern C:\MCC18\SRC\TRADIT~1\PROC\p18f2455.asm
              CCP1CONbits   0x000fbd       data     extern C:\MCC18\SRC\TRADIT~1\PROC\p18f2455.asm
                   CCPR1L   0x000fbe       data     extern C:\MCC18\SRC\TRADIT~1\PROC\p18f2455.asm
                    CCPR1   0x000fbe       data     extern C:\MCC18\SRC\TRADIT~1\PROC\p18f2455.asm
                   CCPR1H   0x000fbf       data     extern C:\MCC18\SRC\TRADIT~1\PROC\p18f2455.asm
               ADCON2bits   0x000fc0       data     extern C:\MCC18\SRC\TRADIT~1\PROC\p18f2455.asm
                   ADCON2   0x000fc0       data     extern C:\MCC18\SRC\TRADIT~1\PROC\p18f2455.asm
               ADCON1bits   0x000fc1       data     extern C:\MCC18\SRC\TRADIT~1\PROC\p18f2455.asm
                   ADCON1   0x000fc1       data     extern C:\MCC18\SRC\TRADIT~1\PROC\p18f2455.asm
                   ADCON0   0x000fc2       data     extern C:\MCC18\SRC\TRADIT~1\PROC\p18f2455.asm
               ADCON0bits   0x000fc2       data     extern C:\MCC18\SRC\TRADIT~1\PROC\p18f2455.asm
                    ADRES   0x000fc3       data     extern C:\MCC18\SRC\TRADIT~1\PROC\p18f2455.asm
                   ADRESL   0x000fc3       data     extern C:\MCC18\SRC\TRADIT~1\PROC\p18f2455.asm
                   ADRESH   0x000fc4       data     extern C:\MCC18\SRC\TRADIT~1\PROC\p18f2455.asm
                  SSPCON2   0x000fc5       data     extern C:\MCC18\SRC\TRADIT~1\PROC\p18f2455.asm
              SSPCON2bits   0x000fc5       data     extern C:\MCC18\SRC\TRADIT~1\PROC\p18f2455.asm
                  SSPCON1   0x000fc6       data     extern C:\MCC18\SRC\TRADIT~1\PROC\p18f2455.asm
              SSPCON1bits   0x000fc6       data     extern C:\MCC18\SRC\TRADIT~1\PROC\p18f2455.asm
                  SSPSTAT   0x000fc7       data     extern C:\MCC18\SRC\TRADIT~1\PROC\p18f2455.asm
              SSPSTATbits   0x000fc7       data     extern C:\MCC18\SRC\TRADIT~1\PROC\p18f2455.asm
                   SSPADD   0x000fc8       data     extern C:\MCC18\SRC\TRADIT~1\PROC\p18f2455.asm
                   SSPBUF   0x000fc9       data     extern C:\MCC18\SRC\TRADIT~1\PROC\p18f2455.asm
                    T2CON   0x000fca       data     extern C:\MCC18\SRC\TRADIT~1\PROC\p18f2455.asm
                T2CONbits   0x000fca       data     extern C:\MCC18\SRC\TRADIT~1\PROC\p18f2455.asm
                      PR2   0x000fcb       data     extern C:\MCC18\SRC\TRADIT~1\PROC\p18f2455.asm
                     TMR2   0x000fcc       data     extern C:\MCC18\SRC\TRADIT~1\PROC\p18f2455.asm
                T1CONbits   0x000fcd       data     extern C:\MCC18\SRC\TRADIT~1\PROC\p18f2455.asm
                    T1CON   0x000fcd       data     extern C:\MCC18\SRC\TRADIT~1\PROC\p18f2455.asm
                    TMR1L   0x000fce       data     extern C:\MCC18\SRC\TRADIT~1\PROC\p18f2455.asm
                    TMR1H   0x000fcf       data     extern C:\MCC18\SRC\TRADIT~1\PROC\p18f2455.asm
                     RCON   0x000fd0       data     extern C:\MCC18\SRC\TRADIT~1\PROC\p18f2455.asm
                 RCONbits   0x000fd0       data     extern C:\MCC18\SRC\TRADIT~1\PROC\p18f2455.asm
               WDTCONbits   0x000fd1       data     extern C:\MCC18\SRC\TRADIT~1\PROC\p18f2455.asm
                   WDTCON   0x000fd1       data     extern C:\MCC18\SRC\TRADIT~1\PROC\p18f2455.asm
                   LVDCON   0x000fd2       data     extern C:\MCC18\SRC\TRADIT~1\PROC\p18f2455.asm
              HLVDCONbits   0x000fd2       data     extern C:\MCC18\SRC\TRADIT~1\PROC\p18f2455.asm
                  HLVDCON   0x000fd2       data     extern C:\MCC18\SRC\TRADIT~1\PROC\p18f2455.asm
               LVDCONbits   0x000fd2       data     extern C:\MCC18\SRC\TRADIT~1\PROC\p18f2455.asm
               OSCCONbits   0x000fd3       data     extern C:\MCC18\SRC\TRADIT~1\PROC\p18f2455.asm
                   OSCCON   0x000fd3       data     extern C:\MCC18\SRC\TRADIT~1\PROC\p18f2455.asm
                T0CONbits   0x000fd5       data     extern C:\MCC18\SRC\TRADIT~1\PROC\p18f2455.asm
                    T0CON   0x000fd5       data     extern C:\MCC18\SRC\TRADIT~1\PROC\p18f2455.asm
                    TMR0L   0x000fd6       data     extern C:\MCC18\SRC\TRADIT~1\PROC\p18f2455.asm
                    TMR0H   0x000fd7       data     extern C:\MCC18\SRC\TRADIT~1\PROC\p18f2455.asm
                   STATUS   0x000fd8       data     extern C:\MCC18\SRC\TRADIT~1\PROC\p18f2455.asm
               STATUSbits   0x000fd8       data     extern C:\MCC18\SRC\TRADIT~1\PROC\p18f2455.asm
                     FSR2   0x000fd9       data     extern C:\MCC18\SRC\TRADIT~1\PROC\p18f2455.asm
                    FSR2L   0x000fd9       data     extern C:\MCC18\SRC\TRADIT~1\PROC\p18f2455.asm
                    FSR2H   0x000fda       data     extern C:\MCC18\SRC\TRADIT~1\PROC\p18f2455.asm
                   PLUSW2   0x000fdb       data     extern C:\MCC18\SRC\TRADIT~1\PROC\p18f2455.asm
                  PREINC2   0x000fdc       data     extern C:\MCC18\SRC\TRADIT~1\PROC\p18f2455.asm
                 POSTDEC2   0x000fdd       data     extern C:\MCC18\SRC\TRADIT~1\PROC\p18f2455.asm
                 POSTINC2   0x000fde       data     extern C:\MCC18\SRC\TRADIT~1\PROC\p18f2455.asm
                    INDF2   0x000fdf       data     extern C:\MCC18\SRC\TRADIT~1\PROC\p18f2455.asm
                      BSR   0x000fe0       data     extern C:\MCC18\SRC\TRADIT~1\PROC\p18f2455.asm
                    FSR1L   0x000fe1       data     extern C:\MCC18\SRC\TRADIT~1\PROC\p18f2455.asm
                     FSR1   0x000fe1       data     extern C:\MCC18\SRC\TRADIT~1\PROC\p18f2455.asm
                    FSR1H   0x000fe2       data     extern C:\MCC18\SRC\TRADIT~1\PROC\p18f2455.asm
                   PLUSW1   0x000fe3       data     extern C:\MCC18\SRC\TRADIT~1\PROC\p18f2455.asm
                  PREINC1   0x000fe4       data     extern C:\MCC18\SRC\TRADIT~1\PROC\p18f2455.asm
                 POSTDEC1   0x000fe5       data     extern C:\MCC18\SRC\TRADIT~1\PROC\p18f2455.asm
                 POSTINC1   0x000fe6       data     extern C:\MCC18\SRC\TRADIT~1\PROC\p18f2455.asm
                    INDF1   0x000fe7       data     extern C:\MCC18\SRC\TRADIT~1\PROC\p18f2455.asm
                     WREG   0x000fe8       data     extern C:\MCC18\SRC\TRADIT~1\PROC\p18f2455.asm
                     FSR0   0x000fe9       data     extern C:\MCC18\SRC\TRADIT~1\PROC\p18f2455.asm
                    FSR0L   0x000fe9       data     extern C:\MCC18\SRC\TRADIT~1\PROC\p18f2455.asm
                    FSR0H   0x000fea       data     extern C:\MCC18\SRC\TRADIT~1\PROC\p18f2455.asm
                   PLUSW0   0x000feb       data     extern C:\MCC18\SRC\TRADIT~1\PROC\p18f2455.asm
                  PREINC0   0x000fec       data     extern C:\MCC18\SRC\TRADIT~1\PROC\p18f2455.asm
                 POSTDEC0   0x000fed       data     extern C:\MCC18\SRC\TRADIT~1\PROC\p18f2455.asm
                 POSTINC0   0x000fee       data     extern C:\MCC18\SRC\TRADIT~1\PROC\p18f2455.asm
                    INDF0   0x000fef       data     extern C:\MCC18\SRC\TRADIT~1\PROC\p18f2455.asm
              INTCON3bits   0x000ff0       data     extern C:\MCC18\SRC\TRADIT~1\PROC\p18f2455.asm
                  INTCON3   0x000ff0       data     extern C:\MCC18\SRC\TRADIT~1\PROC\p18f2455.asm
              INTCON2bits   0x000ff1       data     extern C:\MCC18\SRC\TRADIT~1\PROC\p18f2455.asm
                  INTCON2   0x000ff1       data     extern C:\MCC18\SRC\TRADIT~1\PROC\p18f2455.asm
               INTCONbits   0x000ff2       data     extern C:\MCC18\SRC\TRADIT~1\PROC\p18f2455.asm
                   INTCON   0x000ff2       data     extern C:\MCC18\SRC\TRADIT~1\PROC\p18f2455.asm
                    PRODL   0x000ff3       data     extern C:\MCC18\SRC\TRADIT~1\PROC\p18f2455.asm
                     PROD   0x000ff3       data     extern C:\MCC18\SRC\TRADIT~1\PROC\p18f2455.asm
                    PRODH   0x000ff4       data     extern C:\MCC18\SRC\TRADIT~1\PROC\p18f2455.asm
                   TABLAT   0x000ff5       data     extern C:\MCC18\SRC\TRADIT~1\PROC\p18f2455.asm
                  TBLPTRL   0x000ff6       data     extern C:\MCC18\SRC\TRADIT~1\PROC\p18f2455.asm
                   TBLPTR   0x000ff6       data     extern C:\MCC18\SRC\TRADIT~1\PROC\p18f2455.asm
                  TBLPTRH   0x000ff7       data     extern C:\MCC18\SRC\TRADIT~1\PROC\p18f2455.asm
                  TBLPTRU   0x000ff8       data     extern C:\MCC18\SRC\TRADIT~1\PROC\p18f2455.asm
                       PC   0x000ff9       data     extern C:\MCC18\SRC\TRADIT~1\PROC\p18f2455.asm
                      PCL   0x000ff9       data     extern C:\MCC18\SRC\TRADIT~1\PROC\p18f2455.asm
                   PCLATH   0x000ffa       data     extern C:\MCC18\SRC\TRADIT~1\PROC\p18f2455.asm
                   PCLATU   0x000ffb       data     extern C:\MCC18\SRC\TRADIT~1\PROC\p18f2455.asm
                   STKPTR   0x000ffc       data     extern C:\MCC18\SRC\TRADIT~1\PROC\p18f2455.asm
               STKPTRbits   0x000ffc       data     extern C:\MCC18\SRC\TRADIT~1\PROC\p18f2455.asm
                     TOSL   0x000ffd       data     extern C:\MCC18\SRC\TRADIT~1\PROC\p18f2455.asm
                      TOS   0x000ffd       data     extern C:\MCC18\SRC\TRADIT~1\PROC\p18f2455.asm
                     TOSH   0x000ffe       data     extern C:\MCC18\SRC\TRADIT~1\PROC\p18f2455.asm
                     TOSU   0x000fff       data     extern C:\MCC18\SRC\TRADIT~1\PROC\p18f2455.asm


